D:/STM32C5/STM32C5_IIS3DWB10IS_Project2/STM32C5_IIS3DWB10IS_Project2_cmake/main.c:72:5:main	456	static
D:/STM32C5/STM32C5_IIS3DWB10IS_Project2/STM32C5_IIS3DWB10IS_Project2_cmake/main.c:336:16:platform_write	40	static
D:/STM32C5/STM32C5_IIS3DWB10IS_Project2/STM32C5_IIS3DWB10IS_Project2_cmake/main.c:351:16:platform_read	40	static
D:/STM32C5/STM32C5_IIS3DWB10IS_Project2/STM32C5_IIS3DWB10IS_Project2_cmake/main.c:366:13:tx_com	16	static
D:/STM32C5/STM32C5_IIS3DWB10IS_Project2/STM32C5_IIS3DWB10IS_Project2_cmake/main.c:378:13:platform_delay	16	static
D:/STM32C5/STM32C5_IIS3DWB10IS_Project2/STM32C5_IIS3DWB10IS_Project2_cmake/main.c:383:13:platform_init	8	static
