Archive member included to satisfy reference by file (symbol)

C:/ST/STM32CubeIDE_2.1.1/STM32CubeIDE/plugins/com.st.stm32cube.ide.mcu.externaltools.gnu-tools-for-stm32.14.3.rel1.win32_1.0.100.202602081740/tools/bin/../lib/gcc/arm-none-eabi/14.3.1/../../../../arm-none-eabi/lib/thumb/v8-m.main+fp/hard\libc_nano.a(libc_a-exit.o)
                              C:/ST/STM32CubeIDE_2.1.1/STM32CubeIDE/plugins/com.st.stm32cube.ide.mcu.externaltools.gnu-tools-for-stm32.14.3.rel1.win32_1.0.100.202602081740/tools/bin/../lib/gcc/arm-none-eabi/14.3.1/../../../../arm-none-eabi/lib/thumb/v8-m.main+fp/hard/crt0.o (exit)
C:/ST/STM32CubeIDE_2.1.1/STM32CubeIDE/plugins/com.st.stm32cube.ide.mcu.externaltools.gnu-tools-for-stm32.14.3.rel1.win32_1.0.100.202602081740/tools/bin/../lib/gcc/arm-none-eabi/14.3.1/../../../../arm-none-eabi/lib/thumb/v8-m.main+fp/hard\libc_nano.a(libc_a-nano-vfprintf_float.o)
                              (_printf_float)
C:/ST/STM32CubeIDE_2.1.1/STM32CubeIDE/plugins/com.st.stm32cube.ide.mcu.externaltools.gnu-tools-for-stm32.14.3.rel1.win32_1.0.100.202602081740/tools/bin/../lib/gcc/arm-none-eabi/14.3.1/../../../../arm-none-eabi/lib/thumb/v8-m.main+fp/hard\libc_nano.a(libc_a-nano-vfprintf_i.o)
                              C:/ST/STM32CubeIDE_2.1.1/STM32CubeIDE/plugins/com.st.stm32cube.ide.mcu.externaltools.gnu-tools-for-stm32.14.3.rel1.win32_1.0.100.202602081740/tools/bin/../lib/gcc/arm-none-eabi/14.3.1/../../../../arm-none-eabi/lib/thumb/v8-m.main+fp/hard\libc_nano.a(libc_a-nano-vfprintf_float.o) (_printf_common)
C:/ST/STM32CubeIDE_2.1.1/STM32CubeIDE/plugins/com.st.stm32cube.ide.mcu.externaltools.gnu-tools-for-stm32.14.3.rel1.win32_1.0.100.202602081740/tools/bin/../lib/gcc/arm-none-eabi/14.3.1/../../../../arm-none-eabi/lib/thumb/v8-m.main+fp/hard\libc_nano.a(libc_a-findfp.o)
                              C:/ST/STM32CubeIDE_2.1.1/STM32CubeIDE/plugins/com.st.stm32cube.ide.mcu.externaltools.gnu-tools-for-stm32.14.3.rel1.win32_1.0.100.202602081740/tools/bin/../lib/gcc/arm-none-eabi/14.3.1/../../../../arm-none-eabi/lib/thumb/v8-m.main+fp/hard\libc_nano.a(libc_a-exit.o) (__stdio_exit_handler)
C:/ST/STM32CubeIDE_2.1.1/STM32CubeIDE/plugins/com.st.stm32cube.ide.mcu.externaltools.gnu-tools-for-stm32.14.3.rel1.win32_1.0.100.202602081740/tools/bin/../lib/gcc/arm-none-eabi/14.3.1/../../../../arm-none-eabi/lib/thumb/v8-m.main+fp/hard\libc_nano.a(libc_a-fwalk.o)
                              C:/ST/STM32CubeIDE_2.1.1/STM32CubeIDE/plugins/com.st.stm32cube.ide.mcu.externaltools.gnu-tools-for-stm32.14.3.rel1.win32_1.0.100.202602081740/tools/bin/../lib/gcc/arm-none-eabi/14.3.1/../../../../arm-none-eabi/lib/thumb/v8-m.main+fp/hard\libc_nano.a(libc_a-findfp.o) (_fwalk_sglue)
C:/ST/STM32CubeIDE_2.1.1/STM32CubeIDE/plugins/com.st.stm32cube.ide.mcu.externaltools.gnu-tools-for-stm32.14.3.rel1.win32_1.0.100.202602081740/tools/bin/../lib/gcc/arm-none-eabi/14.3.1/../../../../arm-none-eabi/lib/thumb/v8-m.main+fp/hard\libc_nano.a(libc_a-stdio.o)
                              C:/ST/STM32CubeIDE_2.1.1/STM32CubeIDE/plugins/com.st.stm32cube.ide.mcu.externaltools.gnu-tools-for-stm32.14.3.rel1.win32_1.0.100.202602081740/tools/bin/../lib/gcc/arm-none-eabi/14.3.1/../../../../arm-none-eabi/lib/thumb/v8-m.main+fp/hard\libc_nano.a(libc_a-findfp.o) (__sread)
C:/ST/STM32CubeIDE_2.1.1/STM32CubeIDE/plugins/com.st.stm32cube.ide.mcu.externaltools.gnu-tools-for-stm32.14.3.rel1.win32_1.0.100.202602081740/tools/bin/../lib/gcc/arm-none-eabi/14.3.1/../../../../arm-none-eabi/lib/thumb/v8-m.main+fp/hard\libc_nano.a(libc_a-memset.o)
                              C:/ST/STM32CubeIDE_2.1.1/STM32CubeIDE/plugins/com.st.stm32cube.ide.mcu.externaltools.gnu-tools-for-stm32.14.3.rel1.win32_1.0.100.202602081740/tools/bin/../lib/gcc/arm-none-eabi/14.3.1/../../../../arm-none-eabi/lib/thumb/v8-m.main+fp/hard/crt0.o (memset)
C:/ST/STM32CubeIDE_2.1.1/STM32CubeIDE/plugins/com.st.stm32cube.ide.mcu.externaltools.gnu-tools-for-stm32.14.3.rel1.win32_1.0.100.202602081740/tools/bin/../lib/gcc/arm-none-eabi/14.3.1/../../../../arm-none-eabi/lib/thumb/v8-m.main+fp/hard\libc_nano.a(libc_a-localeconv.o)
                              C:/ST/STM32CubeIDE_2.1.1/STM32CubeIDE/plugins/com.st.stm32cube.ide.mcu.externaltools.gnu-tools-for-stm32.14.3.rel1.win32_1.0.100.202602081740/tools/bin/../lib/gcc/arm-none-eabi/14.3.1/../../../../arm-none-eabi/lib/thumb/v8-m.main+fp/hard\libc_nano.a(libc_a-nano-vfprintf_float.o) (_localeconv_r)
C:/ST/STM32CubeIDE_2.1.1/STM32CubeIDE/plugins/com.st.stm32cube.ide.mcu.externaltools.gnu-tools-for-stm32.14.3.rel1.win32_1.0.100.202602081740/tools/bin/../lib/gcc/arm-none-eabi/14.3.1/../../../../arm-none-eabi/lib/thumb/v8-m.main+fp/hard\libc_nano.a(libc_a-closer.o)
                              C:/ST/STM32CubeIDE_2.1.1/STM32CubeIDE/plugins/com.st.stm32cube.ide.mcu.externaltools.gnu-tools-for-stm32.14.3.rel1.win32_1.0.100.202602081740/tools/bin/../lib/gcc/arm-none-eabi/14.3.1/../../../../arm-none-eabi/lib/thumb/v8-m.main+fp/hard\libc_nano.a(libc_a-stdio.o) (_close_r)
[...]
Memory Configuration

Name             Origin             Length             Attributes
ROM              0x08000000         0x00040000         xr
RAM              0x20000000         0x00010000         xrw
*default*        0x00000000         0xffffffff

Linker script and memory map

LOAD C:/ST/STM32CubeIDE_2.1.1/STM32CubeIDE/plugins/com.st.stm32cube.ide.mcu.externaltools.gnu-tools-for-stm32.14.3.rel1.win32_1.0.100.202602081740/tools/bin/../lib/gcc/arm-none-eabi/14.3.1/thumb/v8-m.main+fp/hard/crti.o
LOAD C:/ST/STM32CubeIDE_2.1.1/STM32CubeIDE/plugins/com.st.stm32cube.ide.mcu.externaltools.gnu-tools-for-stm32.14.3.rel1.win32_1.0.100.202602081740/tools/bin/../lib/gcc/arm-none-eabi/14.3.1/thumb/v8-m.main+fp/hard/crtbegin.o
LOAD C:/ST/STM32CubeIDE_2.1.1/STM32CubeIDE/plugins/com.st.stm32cube.ide.mcu.externaltools.gnu-tools-for-stm32.14.3.rel1.win32_1.0.100.202602081740/tools/bin/../lib/gcc/arm-none-eabi/14.3.1/../../../../arm-none-eabi/lib/thumb/v8-m.main+fp/hard/crt0.o
START GROUP
LOAD C:/ST/STM32CubeIDE_2.1.1/STM32CubeIDE/plugins/com.st.stm32cube.ide.mcu.externaltools.gnu-tools-for-stm32.14.3.rel1.win32_1.0.100.202602081740/tools/bin/../lib/gcc/arm-none-eabi/14.3.1/../../../../arm-none-eabi/lib/thumb/v8-m.main+fp/hard\libc_nano.a
LOAD C:/ST/STM32CubeIDE_2.1.1/STM32CubeIDE/plugins/com.st.stm32cube.ide.mcu.externaltools.gnu-tools-for-stm32.14.3.rel1.win32_1.0.100.202602081740/tools/bin/../lib/gcc/arm-none-eabi/14.3.1/../../../../arm-none-eabi/lib/thumb/v8-m.main+fp/hard\libm.a
END GROUP
LOAD CMakeFiles/STM32C542CC_IIS3DWB10IS_Project1.dir/main.c.obj
LOAD CMakeFiles/STM32C542CC_IIS3DWB10IS_Project1.dir/iis3dwb10is_reg.c.obj
LOAD CMakeFiles/STM32C542CC_IIS3DWB10IS_Project1.dir/generated/hal/mx_cortex_mpu.c.obj
LOAD CMakeFiles/STM32C542CC_IIS3DWB10IS_Project1.dir/generated/hal/mx_cortex_nvic.c.obj
LOAD CMakeFiles/STM32C542CC_IIS3DWB10IS_Project1.dir/generated/hal/mx_gpio_default.c.obj
LOAD CMakeFiles/STM32C542CC_IIS3DWB10IS_Project1.dir/generated/hal/mx_icache.c.obj
LOAD CMakeFiles/STM32C542CC_IIS3DWB10IS_Project1.dir/generated/hal/mx_rcc.c.obj
LOAD CMakeFiles/STM32C542CC_IIS3DWB10IS_Project1.dir/generated/hal/mx_spi1.c.obj
LOAD CMakeFiles/STM32C542CC_IIS3DWB10IS_Project1.dir/generated/hal/mx_system.c.obj
LOAD CMakeFiles/STM32C542CC_IIS3DWB10IS_Project1.dir/generated/hal/mx_usart1.c.obj
LOAD CMakeFiles/STM32C542CC_IIS3DWB10IS_Project1.dir/user_modifiable/Device/STM32C542CCT6/system_stm32c5xx.c.obj
LOAD CMakeFiles/STM32C542CC_IIS3DWB10IS_Project1.dir/user_modifiable/Device/STM32C542CCT6/startup_stm32c542xx.c.obj
LOAD CMakeFiles/STM32C542CC_IIS3DWB10IS_Project1.dir/stm32c5xx_drivers/hal/stm32c5xx_hal.c.obj
LOAD CMakeFiles/STM32C542CC_IIS3DWB10IS_Project1.dir/stm32c5xx_drivers/hal/stm32c5xx_hal_cortex.c.obj
LOAD CMakeFiles/STM32C542CC_IIS3DWB10IS_Project1.dir/stm32c5xx_drivers/hal/stm32c5xx_hal_dma.c.obj
LOAD CMakeFiles/STM32C542CC_IIS3DWB10IS_Project1.dir/stm32c5xx_drivers/hal/stm32c5xx_hal_flash_itf.c.obj
LOAD CMakeFiles/STM32C542CC_IIS3DWB10IS_Project1.dir/stm32c5xx_drivers/hal/stm32c5xx_hal_gpio.c.obj
LOAD CMakeFiles/STM32C542CC_IIS3DWB10IS_Project1.dir/stm32c5xx_drivers/hal/stm32c5xx_hal_icache.c.obj
LOAD CMakeFiles/STM32C542CC_IIS3DWB10IS_Project1.dir/stm32c5xx_drivers/hal/stm32c5xx_hal_pwr.c.obj
LOAD CMakeFiles/STM32C542CC_IIS3DWB10IS_Project1.dir/stm32c5xx_drivers/hal/stm32c5xx_hal_q.c.obj
LOAD CMakeFiles/STM32C542CC_IIS3DWB10IS_Project1.dir/stm32c5xx_drivers/hal/stm32c5xx_hal_rcc.c.obj
LOAD CMakeFiles/STM32C542CC_IIS3DWB10IS_Project1.dir/stm32c5xx_drivers/hal/stm32c5xx_hal_spi.c.obj
LOAD CMakeFiles/STM32C542CC_IIS3DWB10IS_Project1.dir/stm32c5xx_drivers/hal/stm32c5xx_hal_uart.c.obj
LOAD CMakeFiles/STM32C542CC_IIS3DWB10IS_Project1.dir/utilities/syscalls/syscalls.c.obj
LOAD CMakeFiles/STM32C542CC_IIS3DWB10IS_Project1.dir/utilities/syscalls/sysmem.c.obj
START GROUP
LOAD C:/ST/STM32CubeIDE_2.1.1/STM32CubeIDE/plugins/com.st.stm32cube.ide.mcu.externaltools.gnu-tools-for-stm32.14.3.rel1.win32_1.0.100.202602081740/tools/bin/../lib/gcc/arm-none-eabi/14.3.1/thumb/v8-m.main+fp/hard\libgcc.a
LOAD C:/ST/STM32CubeIDE_2.1.1/STM32CubeIDE/plugins/com.st.stm32cube.ide.mcu.externaltools.gnu-tools-for-stm32.14.3.rel1.win32_1.0.100.202602081740/tools/bin/../lib/gcc/arm-none-eabi/14.3.1/../../../../arm-none-eabi/lib/thumb/v8-m.main+fp/hard\libc_nano.a
END GROUP
START GROUP
LOAD C:/ST/STM32CubeIDE_2.1.1/STM32CubeIDE/plugins/com.st.stm32cube.ide.mcu.externaltools.gnu-tools-for-stm32.14.3.rel1.win32_1.0.100.202602081740/tools/bin/../lib/gcc/arm-none-eabi/14.3.1/thumb/v8-m.main+fp/hard\libgcc.a
LOAD C:/ST/STM32CubeIDE_2.1.1/STM32CubeIDE/plugins/com.st.stm32cube.ide.mcu.externaltools.gnu-tools-for-stm32.14.3.rel1.win32_1.0.100.202602081740/tools/bin/../lib/gcc/arm-none-eabi/14.3.1/../../../../arm-none-eabi/lib/thumb/v8-m.main+fp/hard\libc_nano.a
LOAD C:/ST/STM32CubeIDE_2.1.1/STM32CubeIDE/plugins/com.st.stm32cube.ide.mcu.externaltools.gnu-tools-for-stm32.14.3.rel1.win32_1.0.100.202602081740/tools/bin/../lib/gcc/arm-none-eabi/14.3.1/../../../../arm-none-eabi/lib/thumb/v8-m.main+fp/hard\libnosys.a
END GROUP
START GROUP
LOAD C:/ST/STM32CubeIDE_2.1.1/STM32CubeIDE/plugins/com.st.stm32cube.ide.mcu.externaltools.gnu-tools-for-stm32.14.3.rel1.win32_1.0.100.202602081740/tools/bin/../lib/gcc/arm-none-eabi/14.3.1/thumb/v8-m.main+fp/hard\libgcc.a
LOAD C:/ST/STM32CubeIDE_2.1.1/STM32CubeIDE/plugins/com.st.stm32cube.ide.mcu.externaltools.gnu-tools-for-stm32.14.3.rel1.win32_1.0.100.202602081740/tools/bin/../lib/gcc/arm-none-eabi/14.3.1/../../../../arm-none-eabi/lib/thumb/v8-m.main+fp/hard\libc_nano.a
LOAD C:/ST/STM32CubeIDE_2.1.1/STM32CubeIDE/plugins/com.st.stm32cube.ide.mcu.externaltools.gnu-tools-for-stm32.14.3.rel1.win32_1.0.100.202602081740/tools/bin/../lib/gcc/arm-none-eabi/14.3.1/../../../../arm-none-eabi/lib/thumb/v8-m.main+fp/hard\libnosys.a
END GROUP
LOAD C:/ST/STM32CubeIDE_2.1.1/STM32CubeIDE/plugins/com.st.stm32cube.ide.mcu.externaltools.gnu-tools-for-stm32.14.3.rel1.win32_1.0.100.202602081740/tools/bin/../lib/gcc/arm-none-eabi/14.3.1/thumb/v8-m.main+fp/hard/crtend.o
LOAD C:/ST/STM32CubeIDE_2.1.1/STM32CubeIDE/plugins/com.st.stm32cube.ide.mcu.externaltools.gnu-tools-for-stm32.14.3.rel1.win32_1.0.100.202602081740/tools/bin/../lib/gcc/arm-none-eabi/14.3.1/thumb/v8-m.main+fp/hard/crtn.o
                0x00000200                        HEAP_SIZE = 0x200
                0x00000400                        STACK_SIZE = 0x400

.vectors        0x08000000      0x1a8
                0x08000000                        . = ALIGN (0x8)
 *(.vectors)
 .vectors       0x08000000      0x1a4 CMakeFiles/STM32C542CC_IIS3DWB10IS_Project1.dir/user_modifiable/Device/STM32C542CCT6/startup_stm32c542xx.c.obj
                0x08000000                __Vectors
                0x080001a8                        . = ALIGN (0x8)
 *fill*         0x080001a4        0x4 

.text           0x080001a8     0x7950
                0x080001a8                        . = ALIGN (0x8)
 *(.text)
 .text          0x080001a8       0x40 C:/ST/STM32CubeIDE_2.1.1/STM32CubeIDE/plugins/com.st.stm32cube.ide.mcu.externaltools.gnu-tools-for-stm32.14.3.rel1.win32_1.0.100.202602081740/tools/bin/../lib/gcc/arm-none-eabi/14.3.1/thumb/v8-m.main+fp/hard/crtbegin.o
 .text          0x080001e8       0x7c C:/ST/STM32CubeIDE_2.1.1/STM32CubeIDE/plugins/com.st.stm32cube.ide.mcu.externaltools.gnu-tools-for-stm32.14.3.rel1.win32_1.0.100.202602081740/tools/bin/../lib/gcc/arm-none-eabi/14.3.1/../../../../arm-none-eabi/lib/thumb/v8-m.main+fp/hard/crt0.o
                0x080001e8                _stack_init
                0x080001f0                _start
                0x080001f0                _mainCRTStartup
 .text          0x08000264       0x10 C:/ST/STM32CubeIDE_2.1.1/STM32CubeIDE/plugins/com.st.stm32cube.ide.mcu.externaltools.gnu-tools-for-stm32.14.3.rel1.win32_1.0.100.202602081740/tools/bin/../lib/gcc/arm-none-eabi/14.3.1/../../../../arm-none-eabi/lib/thumb/v8-m.main+fp/hard\libc_nano.a(libc_a-strlen.o)
                0x08000264                strlen
 .text          0x08000274      0x378 C:/ST/STM32CubeIDE_2.1.1/STM32CubeIDE/plugins/com.st.stm32cube.ide.mcu.externaltools.gnu-tools-for-stm32.14.3.rel1.win32_1.0.100.202602081740/tools/bin/../lib/gcc/arm-none-eabi/14.3.1/thumb/v8-m.main+fp/hard\libgcc.a(_arm_addsubdf3.o)
                0x08000274                __aeabi_drsub
                0x0800027c                __aeabi_dsub
                0x0800027c                __subdf3
                0x08000280                __aeabi_dadd
                0x08000280                __adddf3
                0x080004f8                __floatunsidf
                0x080004f8                __aeabi_ui2d
                0x08000518                __floatsidf
                0x08000518                __aeabi_i2d
                0x0800053c                __aeabi_f2d
                0x0800053c                __extendsfdf2
                0x08000580                __floatundidf
                0x08000580                __aeabi_ul2d
                0x08000590                __floatdidf
                0x08000590                __aeabi_l2d
 .text          0x080005ec      0x424 C:/ST/STM32CubeIDE_2.1.1/STM32CubeIDE/plugins/com.st.stm32cube.ide.mcu.externaltools.gnu-tools-for-stm32.14.3.rel1.win32_1.0.100.202602081740/tools/bin/../lib/gcc/arm-none-eabi/14.3.1/thumb/v8-m.main+fp/hard\libgcc.a(_arm_muldivdf3.o)
                0x080005ec                __aeabi_dmul
                0x080005ec                __muldf3
                0x08000840                __divdf3
                0x08000840                __aeabi_ddiv
 .text          0x08000a10      0x110 C:/ST/STM32CubeIDE_2.1.1/STM32CubeIDE/plugins/com.st.stm32cube.ide.mcu.externaltools.gnu-tools-for-stm32.14.3.rel1.win32_1.0.100.202602081740/tools/bin/../lib/gcc/arm-none-eabi/14.3.1/thumb/v8-m.main+fp/hard\libgcc.a(_arm_cmpdf2.o)
                0x08000a10                __gtdf2
                0x08000a10                __gedf2
                0x08000a18                __ltdf2
                0x08000a18                __ledf2
                0x08000a20                __nedf2
                0x08000a20                __eqdf2
                0x08000a20                __cmpdf2
                0x08000a9c                __aeabi_cdrcmple
                0x08000aac                __aeabi_cdcmpeq
                0x08000aac                __aeabi_cdcmple
                0x08000abc                __aeabi_dcmpeq
                0x08000ad0                __aeabi_dcmplt
                0x08000ae4                __aeabi_dcmple
                0x08000af8                __aeabi_dcmpge
                0x08000b0c                __aeabi_dcmpgt
 .text          0x08000b20       0x2c C:/ST/STM32CubeIDE_2.1.1/STM32CubeIDE/plugins/com.st.stm32cube.ide.mcu.externaltools.gnu-tools-for-stm32.14.3.rel1.win32_1.0.100.202602081740/tools/bin/../lib/gcc/arm-none-eabi/14.3.1/thumb/v8-m.main+fp/hard\libgcc.a(_arm_unorddf2.o)
                0x08000b20                __unorddf2
                0x08000b20                __aeabi_dcmpun
 .text          0x08000b4c       0x50 C:/ST/STM32CubeIDE_2.1.1/STM32CubeIDE/plugins/com.st.stm32cube.ide.mcu.externaltools.gnu-tools-for-stm32.14.3.rel1.win32_1.0.100.202602081740/tools/bin/../lib/gcc/arm-none-eabi/14.3.1/thumb/v8-m.main+fp/hard\libgcc.a(_arm_fixdfsi.o)
                0x08000b4c                __aeabi_d2iz
                0x08000b4c                __fixdfsi
 .text          0x08000b9c       0x30 C:/ST/STM32CubeIDE_2.1.1/STM32CubeIDE/plugins/com.st.stm32cube.ide.mcu.externaltools.gnu-tools-for-stm32.14.3.rel1.win32_1.0.100.202602081740/tools/bin/../lib/gcc/arm-none-eabi/14.3.1/thumb/v8-m.main+fp/hard\libgcc.a(_aeabi_uldivmod.o)
                0x08000b9c                __aeabi_uldivmod
 .text          0x08000bcc      0x34c C:/ST/STM32CubeIDE_2.1.1/STM32CubeIDE/plugins/com.st.stm32cube.ide.mcu.externaltools.gnu-tools-for-stm32.14.3.rel1.win32_1.0.100.202602081740/tools/bin/../lib/gcc/arm-none-eabi/14.3.1/thumb/v8-m.main+fp/hard\libgcc.a(_udivmoddi4.o)
                0x08000bcc                __udivmoddi4
 .text          0x08000f18        0x4 C:/ST/STM32CubeIDE_2.1.1/STM32CubeIDE/plugins/com.st.stm32cube.ide.mcu.externaltools.gnu-tools-for-stm32.14.3.rel1.win32_1.0.100.202602081740/tools/bin/../lib/gcc/arm-none-eabi/14.3.1/thumb/v8-m.main+fp/hard\libgcc.a(_dvmd_tls.o)
                0x08000f18                __aeabi_idiv0
                0x08000f18                __aeabi_ldiv0
 *(.text*)
 .text.exit     0x08000f1c       0x24 C:/ST/STM32CubeIDE_2.1.1/STM32CubeIDE/plugins/com.st.stm32cube.ide.mcu.externaltools.gnu-tools-for-stm32.14.3.rel1.win32_1.0.100.202602081740/tools/bin/../lib/gcc/arm-none-eabi/14.3.1/../../../../arm-none-eabi/lib/thumb/v8-m.main+fp/hard\libc_nano.a(libc_a-exit.o)
                0x08000f1c                exit
 .text.__cvt    0x08000f40       0xca C:/ST/STM32CubeIDE_2.1.1/STM32CubeIDE/plugins/com.st.stm32cube.ide.mcu.externaltools.gnu-tools-for-stm32.14.3.rel1.win32_1.0.100.202602081740/tools/bin/../lib/gcc/arm-none-eabi/14.3.1/../../../../arm-none-eabi/lib/thumb/v8-m.main+fp/hard\libc_nano.a(libc_a-nano-vfprintf_float.o)
                0x08000f40                __cvt
 .text.__exponent
                0x0800100a       0x72 C:/ST/STM32CubeIDE_2.1.1/STM32CubeIDE/plugins/com.st.stm32cube.ide.mcu.externaltools.gnu-tools-for-stm32.14.3.rel1.win32_1.0.100.202602081740/tools/bin/../lib/gcc/arm-none-eabi/14.3.1/../../../../arm-none-eabi/lib/thumb/v8-m.main+fp/hard\libc_nano.a(libc_a-nano-vfprintf_float.o)
                0x0800100a                __exponent
 .text._printf_float
                0x0800107c      0x450 C:/ST/STM32CubeIDE_2.1.1/STM32CubeIDE/plugins/com.st.stm32cube.ide.mcu.externaltools.gnu-tools-for-stm32.14.3.rel1.win32_1.0.100.202602081740/tools/bin/../lib/gcc/arm-none-eabi/14.3.1/../../../../arm-none-eabi/lib/thumb/v8-m.main+fp/hard\libc_nano.a(libc_a-nano-vfprintf_float.o)
                0x0800107c                _printf_float
 .text._printf_common
                0x080014cc       0xe4 C:/ST/STM32CubeIDE_2.1.1/STM32CubeIDE/plugins/com.st.stm32cube.ide.mcu.externaltools.gnu-tools-for-stm32.14.3.rel1.win32_1.0.100.202602081740/tools/bin/../lib/gcc/arm-none-eabi/14.3.1/../../../../arm-none-eabi/lib/thumb/v8-m.main+fp/hard\libc_nano.a(libc_a-nano-vfprintf_i.o)
                0x080014cc                _printf_common
 .text._printf_i
                0x080015b0      0x24c C:/ST/STM32CubeIDE_2.1.1/STM32CubeIDE/plugins/com.st.stm32cube.ide.mcu.externaltools.gnu-tools-for-stm32.14.3.rel1.win32_1.0.100.202602081740/tools/bin/../lib/gcc/arm-none-eabi/14.3.1/../../../../arm-none-eabi/lib/thumb/v8-m.main+fp/hard\libc_nano.a(libc_a-nano-vfprintf_i.o)
                0x080015b0                _printf_i
 .text.std      0x080017fc       0x6c C:/ST/STM32CubeIDE_2.1.1/STM32CubeIDE/plugins/com.st.stm32cube.ide.mcu.externaltools.gnu-tools-for-stm32.14.3.rel1.win32_1.0.100.202602081740/tools/bin/../lib/gcc/arm-none-eabi/14.3.1/../../../../arm-none-eabi/lib/thumb/v8-m.main+fp/hard\libc_nano.a(libc_a-findfp.o)
 .text.stdio_exit_handler
                0x08001868       0x18 C:/ST/STM32CubeIDE_2.1.1/STM32CubeIDE/plugins/com.st.stm32cube.ide.mcu.externaltools.gnu-tools-for-stm32.14.3.rel1.win32_1.0.100.202602081740/tools/bin/../lib/gcc/arm-none-eabi/14.3.1/../../../../arm-none-eabi/lib/thumb/v8-m.main+fp/hard\libc_nano.a(libc_a-findfp.o)
 .text.cleanup_stdio
                0x08001880       0x40 C:/ST/STM32CubeIDE_2.1.1/STM32CubeIDE/plugins/com.st.stm32cube.ide.mcu.externaltools.gnu-tools-for-stm32.14.3.rel1.win32_1.0.100.202602081740/tools/bin/../lib/gcc/arm-none-eabi/14.3.1/../../../../arm-none-eabi/lib/thumb/v8-m.main+fp/hard\libc_nano.a(libc_a-findfp.o)
 .text.global_stdio_init.part.0
                0x080018c0       0x40 C:/ST/STM32CubeIDE_2.1.1/STM32CubeIDE/plugins/com.st.stm32cube.ide.mcu.externaltools.gnu-tools-for-stm32.14.3.rel1.win32_1.0.100.202602081740/tools/bin/../lib/gcc/arm-none-eabi/14.3.1/../../../../arm-none-eabi/lib/thumb/v8-m.main+fp/hard\libc_nano.a(libc_a-findfp.o)
 .text.__sfp_lock_acquire
                0x08001900        0xc C:/ST/STM32CubeIDE_2.1.1/STM32CubeIDE/plugins/com.st.stm32cube.ide.mcu.externaltools.gnu-tools-for-stm32.14.3.rel1.win32_1.0.100.202602081740/tools/bin/../lib/gcc/arm-none-eabi/14.3.1/../../../../arm-none-eabi/lib/thumb/v8-m.main+fp/hard\libc_nano.a(libc_a-findfp.o)
                0x08001900                __sfp_lock_acquire
 .text.__sfp_lock_release
                0x0800190c        0xc C:/ST/STM32CubeIDE_2.1.1/STM32CubeIDE/plugins/com.st.stm32cube.ide.mcu.externaltools.gnu-tools-for-stm32.14.3.rel1.win32_1.0.100.202602081740/tools/bin/../lib/gcc/arm-none-eabi/14.3.1/../../../../arm-none-eabi/lib/thumb/v8-m.main+fp/hard\libc_nano.a(libc_a-findfp.o)
                0x0800190c                __sfp_lock_release
 .text.__sinit  0x08001918       0x30 C:/ST/STM32CubeIDE_2.1.1/STM32CubeIDE/plugins/com.st.stm32cube.ide.mcu.externaltools.gnu-tools-for-stm32.14.3.rel1.win32_1.0.100.202602081740/tools/bin/../lib/gcc/arm-none-eabi/14.3.1/../../../../arm-none-eabi/lib/thumb/v8-m.main+fp/hard\libc_nano.a(libc_a-findfp.o)
                0x08001918                __sinit
 .text._fwalk_sglue
                0x08001948       0x3c C:/ST/STM32CubeIDE_2.1.1/STM32CubeIDE/plugins/com.st.stm32cube.ide.mcu.externaltools.gnu-tools-for-stm32.14.3.rel1.win32_1.0.100.202602081740/tools/bin/../lib/gcc/arm-none-eabi/14.3.1/../../../../arm-none-eabi/lib/thumb/v8-m.main+fp/hard\libc_nano.a(libc_a-fwalk.o)
                0x08001948                _fwalk_sglue
 .text.__sread  0x08001984       0x22 C:/ST/STM32CubeIDE_2.1.1/STM32CubeIDE/plugins/com.st.stm32cube.ide.mcu.externaltools.gnu-tools-for-stm32.14.3.rel1.win32_1.0.100.202602081740/tools/bin/../lib/gcc/arm-none-eabi/14.3.1/../../../../arm-none-eabi/lib/thumb/v8-m.main+fp/hard\libc_nano.a(libc_a-stdio.o)
                0x08001984                __sread
 .text.__swrite
                0x080019a6       0x38 C:/ST/STM32CubeIDE_2.1.1/STM32CubeIDE/plugins/com.st.stm32cube.ide.mcu.externaltools.gnu-tools-for-stm32.14.3.rel1.win32_1.0.100.202602081740/tools/bin/../lib/gcc/arm-none-eabi/14.3.1/../../../../arm-none-eabi/lib/thumb/v8-m.main+fp/hard\libc_nano.a(libc_a-stdio.o)
                0x080019a6                __swrite
 .text.__sseek  0x080019de       0x26 C:/ST/STM32CubeIDE_2.1.1/STM32CubeIDE/plugins/com.st.stm32cube.ide.mcu.externaltools.gnu-tools-for-stm32.14.3.rel1.win32_1.0.100.202602081740/tools/bin/../lib/gcc/arm-none-eabi/14.3.1/../../../../arm-none-eabi/lib/thumb/v8-m.main+fp/hard\libc_nano.a(libc_a-stdio.o)
                0x080019de                __sseek
 .text.__sclose
                0x08001a04        0x8 C:/ST/STM32CubeIDE_2.1.1/STM32CubeIDE/plugins/com.st.stm32cube.ide.mcu.externaltools.gnu-tools-for-stm32.14.3.rel1.win32_1.0.100.202602081740/tools/bin/../lib/gcc/arm-none-eabi/14.3.1/../../../../arm-none-eabi/lib/thumb/v8-m.main+fp/hard\libc_nano.a(libc_a-stdio.o)
                0x08001a04                __sclose
 .text.memset   0x08001a0c       0x10 C:/ST/STM32CubeIDE_2.1.1/STM32CubeIDE/plugins/com.st.stm32cube.ide.mcu.externaltools.gnu-tools-for-stm32.14.3.rel1.win32_1.0.100.202602081740/tools/bin/../lib/gcc/arm-none-eabi/14.3.1/../../../../arm-none-eabi/lib/thumb/v8-m.main+fp/hard\libc_nano.a(libc_a-memset.o)
                0x08001a0c                memset
 .text._localeconv_r
                0x08001a1c        0x8 C:/ST/STM32CubeIDE_2.1.1/STM32CubeIDE/plugins/com.st.stm32cube.ide.mcu.externaltools.gnu-tools-for-stm32.14.3.rel1.win32_1.0.100.202602081740/tools/bin/../lib/gcc/arm-none-eabi/14.3.1/../../../../arm-none-eabi/lib/thumb/v8-m.main+fp/hard\libc_nano.a(libc_a-localeconv.o)
                0x08001a1c                _localeconv_r
 .text._close_r
                0x08001a24       0x20 C:/ST/STM32CubeIDE_2.1.1/STM32CubeIDE/plugins/com.st.stm32cube.ide.mcu.externaltools.gnu-tools-for-stm32.14.3.rel1.win32_1.0.100.202602081740/tools/bin/../lib/gcc/arm-none-eabi/14.3.1/../../../../arm-none-eabi/lib/thumb/v8-m.main+fp/hard\libc_nano.a(libc_a-closer.o)
                0x08001a24                _close_r
 .text._lseek_r
                0x08001a44       0x24 C:/ST/STM32CubeIDE_2.1.1/STM32CubeIDE/plugins/com.st.stm32cube.ide.mcu.externaltools.gnu-tools-for-stm32.14.3.rel1.win32_1.0.100.202602081740/tools/bin/../lib/gcc/arm-none-eabi/14.3.1/../../../../arm-none-eabi/lib/thumb/v8-m.main+fp/hard\libc_nano.a(libc_a-lseekr.o)
                0x08001a44                _lseek_r
 .text._read_r  0x08001a68       0x24 C:/ST/STM32CubeIDE_2.1.1/STM32CubeIDE/plugins/com.st.stm32cube.ide.mcu.externaltools.gnu-tools-for-stm32.14.3.rel1.win32_1.0.100.202602081740/tools/bin/../lib/gcc/arm-none-eabi/14.3.1/../../../../arm-none-eabi/lib/thumb/v8-m.main+fp/hard\libc_nano.a(libc_a-readr.o)
                0x08001a68                _read_r
 .text._write_r
                0x08001a8c       0x24 C:/ST/STM32CubeIDE_2.1.1/STM32CubeIDE/plugins/com.st.stm32cube.ide.mcu.externaltools.gnu-tools-for-stm32.14.3.rel1.win32_1.0.100.202602081740/tools/bin/../lib/gcc/arm-none-eabi/14.3.1/../../../../arm-none-eabi/lib/thumb/v8-m.main+fp/hard\libc_nano.a(libc_a-writer.o)
                0x08001a8c                _write_r
 .text.__libc_init_array
                0x08001ab0       0x48 C:/ST/STM32CubeIDE_2.1.1/STM32CubeIDE/plugins/com.st.stm32cube.ide.mcu.externaltools.gnu-tools-for-stm32.14.3.rel1.win32_1.0.100.202602081740/tools/bin/../lib/gcc/arm-none-eabi/14.3.1/../../../../arm-none-eabi/lib/thumb/v8-m.main+fp/hard\libc_nano.a(libc_a-init.o)
                0x08001ab0                __libc_init_array
 .text.__retarget_lock_init_recursive
                0x08001af8        0x2 C:/ST/STM32CubeIDE_2.1.1/STM32CubeIDE/plugins/com.st.stm32cube.ide.mcu.externaltools.gnu-tools-for-stm32.14.3.rel1.win32_1.0.100.202602081740/tools/bin/../lib/gcc/arm-none-eabi/14.3.1/../../../../arm-none-eabi/lib/thumb/v8-m.main+fp/hard\libc_nano.a(libc_a-lock.o)
                0x08001af8                __retarget_lock_init_recursive
 .text.__retarget_lock_acquire_recursive
                0x08001afa        0x2 C:/ST/STM32CubeIDE_2.1.1/STM32CubeIDE/plugins/com.st.stm32cube.ide.mcu.externaltools.gnu-tools-for-stm32.14.3.rel1.win32_1.0.100.202602081740/tools/bin/../lib/gcc/arm-none-eabi/14.3.1/../../../../arm-none-eabi/lib/thumb/v8-m.main+fp/hard\libc_nano.a(libc_a-lock.o)
                0x08001afa                __retarget_lock_acquire_recursive
 .text.__retarget_lock_release_recursive
                0x08001afc        0x2 C:/ST/STM32CubeIDE_2.1.1/STM32CubeIDE/plugins/com.st.stm32cube.ide.mcu.externaltools.gnu-tools-for-stm32.14.3.rel1.win32_1.0.100.202602081740/tools/bin/../lib/gcc/arm-none-eabi/14.3.1/../../../../arm-none-eabi/lib/thumb/v8-m.main+fp/hard\libc_nano.a(libc_a-lock.o)
                0x08001afc                __retarget_lock_release_recursive
 .text.memchr   0x08001afe       0x1c C:/ST/STM32CubeIDE_2.1.1/STM32CubeIDE/plugins/com.st.stm32cube.ide.mcu.externaltools.gnu-tools-for-stm32.14.3.rel1.win32_1.0.100.202602081740/tools/bin/../lib/gcc/arm-none-eabi/14.3.1/../../../../arm-none-eabi/lib/thumb/v8-m.main+fp/hard\libc_nano.a(libc_a-memchr-stub.o)
                0x08001afe                memchr
 .text.quorem   0x08001b1a      0x11a C:/ST/STM32CubeIDE_2.1.1/STM32CubeIDE/plugins/com.st.stm32cube.ide.mcu.externaltools.gnu-tools-for-stm32.14.3.rel1.win32_1.0.100.202602081740/tools/bin/../lib/gcc/arm-none-eabi/14.3.1/../../../../arm-none-eabi/lib/thumb/v8-m.main+fp/hard\libc_nano.a(libc_a-dtoa.o)
 *fill*         0x08001c34        0x4 
 .text._dtoa_r  0x08001c38      0xbb8 C:/ST/STM32CubeIDE_2.1.1/STM32CubeIDE/plugins/com.st.stm32cube.ide.mcu.externaltools.gnu-tools-for-stm32.14.3.rel1.win32_1.0.100.202602081740/tools/bin/../lib/gcc/arm-none-eabi/14.3.1/../../../../arm-none-eabi/lib/thumb/v8-m.main+fp/hard\libc_nano.a(libc_a-dtoa.o)
                0x08001c38                _dtoa_r
 .text._free_r  0x080027f0       0x94 C:/ST/STM32CubeIDE_2.1.1/STM32CubeIDE/plugins/com.st.stm32cube.ide.mcu.externaltools.gnu-tools-for-stm32.14.3.rel1.win32_1.0.100.202602081740/tools/bin/../lib/gcc/arm-none-eabi/14.3.1/../../../../arm-none-eabi/lib/thumb/v8-m.main+fp/hard\libc_nano.a(libc_a-freer.o)
                0x080027f0                _free_r
 .text.malloc   0x08002884       0x10 C:/ST/STM32CubeIDE_2.1.1/STM32CubeIDE/plugins/com.st.stm32cube.ide.mcu.externaltools.gnu-tools-for-stm32.14.3.rel1.win32_1.0.100.202602081740/tools/bin/../lib/gcc/arm-none-eabi/14.3.1/../../../../arm-none-eabi/lib/thumb/v8-m.main+fp/hard\libc_nano.a(libc_a-malloc.o)
                0x08002884                malloc
 .text.sbrk_aligned
                0x08002894       0x44 C:/ST/STM32CubeIDE_2.1.1/STM32CubeIDE/plugins/com.st.stm32cube.ide.mcu.externaltools.gnu-tools-for-stm32.14.3.rel1.win32_1.0.100.202602081740/tools/bin/../lib/gcc/arm-none-eabi/14.3.1/../../../../arm-none-eabi/lib/thumb/v8-m.main+fp/hard\libc_nano.a(libc_a-mallocr.o)
 .text._malloc_r
                0x080028d8      0x100 C:/ST/STM32CubeIDE_2.1.1/STM32CubeIDE/plugins/com.st.stm32cube.ide.mcu.externaltools.gnu-tools-for-stm32.14.3.rel1.win32_1.0.100.202602081740/tools/bin/../lib/gcc/arm-none-eabi/14.3.1/../../../../arm-none-eabi/lib/thumb/v8-m.main+fp/hard\libc_nano.a(libc_a-mallocr.o)
                0x080028d8                _malloc_r
 .text.__malloc_lock
                0x080029d8        0xc C:/ST/STM32CubeIDE_2.1.1/STM32CubeIDE/plugins/com.st.stm32cube.ide.mcu.externaltools.gnu-tools-for-stm32.14.3.rel1.win32_1.0.100.202602081740/tools/bin/../lib/gcc/arm-none-eabi/14.3.1/../../../../arm-none-eabi/lib/thumb/v8-m.main+fp/hard\libc_nano.a(libc_a-mlock.o)
                0x080029d8                __malloc_lock
 .text.__malloc_unlock
                0x080029e4        0xc C:/ST/STM32CubeIDE_2.1.1/STM32CubeIDE/plugins/com.st.stm32cube.ide.mcu.externaltools.gnu-tools-for-stm32.14.3.rel1.win32_1.0.100.202602081740/tools/bin/../lib/gcc/arm-none-eabi/14.3.1/../../../../arm-none-eabi/lib/thumb/v8-m.main+fp/hard\libc_nano.a(libc_a-mlock.o)
                0x080029e4                __malloc_unlock
 .text._Balloc  0x080029f0       0x7c C:/ST/STM32CubeIDE_2.1.1/STM32CubeIDE/plugins/com.st.stm32cube.ide.mcu.externaltools.gnu-tools-for-stm32.14.3.rel1.win32_1.0.100.202602081740/tools/bin/../lib/gcc/arm-none-eabi/14.3.1/../../../../arm-none-eabi/lib/thumb/v8-m.main+fp/hard\libc_nano.a(libc_a-mprec.o)
                0x080029f0                _Balloc
 .text._Bfree   0x08002a6c       0x44 C:/ST/STM32CubeIDE_2.1.1/STM32CubeIDE/plugins/com.st.stm32cube.ide.mcu.externaltools.gnu-tools-for-stm32.14.3.rel1.win32_1.0.100.202602081740/tools/bin/../lib/gcc/arm-none-eabi/14.3.1/../../../../arm-none-eabi/lib/thumb/v8-m.main+fp/hard\libc_nano.a(libc_a-mprec.o)
                0x08002a6c                _Bfree
 .text.__multadd
                0x08002ab0       0x90 C:/ST/STM32CubeIDE_2.1.1/STM32CubeIDE/plugins/com.st.stm32cube.ide.mcu.externaltools.gnu-tools-for-stm32.14.3.rel1.win32_1.0.100.202602081740/tools/bin/../lib/gcc/arm-none-eabi/14.3.1/../../../../arm-none-eabi/lib/thumb/v8-m.main+fp/hard\libc_nano.a(libc_a-mprec.o)
                0x08002ab0                __multadd
 .text.__hi0bits
                0x08002b40       0x3e C:/ST/STM32CubeIDE_2.1.1/STM32CubeIDE/plugins/com.st.stm32cube.ide.mcu.externaltools.gnu-tools-for-stm32.14.3.rel1.win32_1.0.100.202602081740/tools/bin/../lib/gcc/arm-none-eabi/14.3.1/../../../../arm-none-eabi/lib/thumb/v8-m.main+fp/hard\libc_nano.a(libc_a-mprec.o)
                0x08002b40                __hi0bits
 .text.__lo0bits
                0x08002b7e       0x5a C:/ST/STM32CubeIDE_2.1.1/STM32CubeIDE/plugins/com.st.stm32cube.ide.mcu.externaltools.gnu-tools-for-stm32.14.3.rel1.win32_1.0.100.202602081740/tools/bin/../lib/gcc/arm-none-eabi/14.3.1/../../../../arm-none-eabi/lib/thumb/v8-m.main+fp/hard\libc_nano.a(libc_a-mprec.o)
                0x08002b7e                __lo0bits
 .text.__i2b    0x08002bd8       0x2c C:/ST/STM32CubeIDE_2.1.1/STM32CubeIDE/plugins/com.st.stm32cube.ide.mcu.externaltools.gnu-tools-for-stm32.14.3.rel1.win32_1.0.100.202602081740/tools/bin/../lib/gcc/arm-none-eabi/14.3.1/../../../../arm-none-eabi/lib/thumb/v8-m.main+fp/hard\libc_nano.a(libc_a-mprec.o)
                0x08002bd8                __i2b
 .text.__multiply
                0x08002c04      0x154 C:/ST/STM32CubeIDE_2.1.1/STM32CubeIDE/plugins/com.st.stm32cube.ide.mcu.externaltools.gnu-tools-for-stm32.14.3.rel1.win32_1.0.100.202602081740/tools/bin/../lib/gcc/arm-none-eabi/14.3.1/../../../../arm-none-eabi/lib/thumb/v8-m.main+fp/hard\libc_nano.a(libc_a-mprec.o)
                0x08002c04                __multiply
 .text.__pow5mult
                0x08002d58       0xb8 C:/ST/STM32CubeIDE_2.1.1/STM32CubeIDE/plugins/com.st.stm32cube.ide.mcu.externaltools.gnu-tools-for-stm32.14.3.rel1.win32_1.0.100.202602081740/tools/bin/../lib/gcc/arm-none-eabi/14.3.1/../../../../arm-none-eabi/lib/thumb/v8-m.main+fp/hard\libc_nano.a(libc_a-mprec.o)
                0x08002d58                __pow5mult
 .text.__lshift
                0x08002e10       0xd8 C:/ST/STM32CubeIDE_2.1.1/STM32CubeIDE/plugins/com.st.stm32cube.ide.mcu.externaltools.gnu-tools-for-stm32.14.3.rel1.win32_1.0.100.202602081740/tools/bin/../lib/gcc/arm-none-eabi/14.3.1/../../../../arm-none-eabi/lib/thumb/v8-m.main+fp/hard\libc_nano.a(libc_a-mprec.o)
                0x08002e10                __lshift
 .text.__mcmp   0x08002ee8       0x36 C:/ST/STM32CubeIDE_2.1.1/STM32CubeIDE/plugins/com.st.stm32cube.ide.mcu.externaltools.gnu-tools-for-stm32.14.3.rel1.win32_1.0.100.202602081740/tools/bin/../lib/gcc/arm-none-eabi/14.3.1/../../../../arm-none-eabi/lib/thumb/v8-m.main+fp/hard\libc_nano.a(libc_a-mprec.o)
                0x08002ee8                __mcmp
 *fill*         0x08002f1e        0x2 
 .text.__mdiff  0x08002f20      0x138 C:/ST/STM32CubeIDE_2.1.1/STM32CubeIDE/plugins/com.st.stm32cube.ide.mcu.externaltools.gnu-tools-for-stm32.14.3.rel1.win32_1.0.100.202602081740/tools/bin/../lib/gcc/arm-none-eabi/14.3.1/../../../../arm-none-eabi/lib/thumb/v8-m.main+fp/hard\libc_nano.a(libc_a-mprec.o)
                0x08002f20                __mdiff
 .text.__d2b    0x08003058       0xb0 C:/ST/STM32CubeIDE_2.1.1/STM32CubeIDE/plugins/com.st.stm32cube.ide.mcu.externaltools.gnu-tools-for-stm32.14.3.rel1.win32_1.0.100.202602081740/tools/bin/../lib/gcc/arm-none-eabi/14.3.1/../../../../arm-none-eabi/lib/thumb/v8-m.main+fp/hard\libc_nano.a(libc_a-mprec.o)
                0x08003058                __d2b
 .text.__sflush_r
                0x08003108      0x100 C:/ST/STM32CubeIDE_2.1.1/STM32CubeIDE/plugins/com.st.stm32cube.ide.mcu.externaltools.gnu-tools-for-stm32.14.3.rel1.win32_1.0.100.202602081740/tools/bin/../lib/gcc/arm-none-eabi/14.3.1/../../../../arm-none-eabi/lib/thumb/v8-m.main+fp/hard\libc_nano.a(libc_a-fflush.o)
                0x08003108                __sflush_r
 .text._fflush_r
                0x08003208       0x50 C:/ST/STM32CubeIDE_2.1.1/STM32CubeIDE/plugins/com.st.stm32cube.ide.mcu.externaltools.gnu-tools-for-stm32.14.3.rel1.win32_1.0.100.202602081740/tools/bin/../lib/gcc/arm-none-eabi/14.3.1/../../../../arm-none-eabi/lib/thumb/v8-m.main+fp/hard\libc_nano.a(libc_a-fflush.o)
                0x08003208                _fflush_r
 .text._sbrk_r  0x08003258       0x20 C:/ST/STM32CubeIDE_2.1.1/STM32CubeIDE/plugins/com.st.stm32cube.ide.mcu.externaltools.gnu-tools-for-stm32.14.3.rel1.win32_1.0.100.202602081740/tools/bin/../lib/gcc/arm-none-eabi/14.3.1/../../../../arm-none-eabi/lib/thumb/v8-m.main+fp/hard\libc_nano.a(libc_a-sbrkr.o)
                0x08003258                _sbrk_r
 .text.memcpy   0x08003278       0x1a C:/ST/STM32CubeIDE_2.1.1/STM32CubeIDE/plugins/com.st.stm32cube.ide.mcu.externaltools.gnu-tools-for-stm32.14.3.rel1.win32_1.0.100.202602081740/tools/bin/../lib/gcc/arm-none-eabi/14.3.1/../../../../arm-none-eabi/lib/thumb/v8-m.main+fp/hard\libc_nano.a(libc_a-memcpy-stub.o)
                0x08003278                memcpy
 *fill*         0x08003292        0x2 
 .text.__assert_func
                0x08003294       0x3c C:/ST/STM32CubeIDE_2.1.1/STM32CubeIDE/plugins/com.st.stm32cube.ide.mcu.externaltools.gnu-tools-for-stm32.14.3.rel1.win32_1.0.100.202602081740/tools/bin/../lib/gcc/arm-none-eabi/14.3.1/../../../../arm-none-eabi/lib/thumb/v8-m.main+fp/hard\libc_nano.a(libc_a-assert.o)
                0x08003294                __assert_func
 .text._calloc_r
                0x080032d0       0x28 C:/ST/STM32CubeIDE_2.1.1/STM32CubeIDE/plugins/com.st.stm32cube.ide.mcu.externaltools.gnu-tools-for-stm32.14.3.rel1.win32_1.0.100.202602081740/tools/bin/../lib/gcc/arm-none-eabi/14.3.1/../../../../arm-none-eabi/lib/thumb/v8-m.main+fp/hard\libc_nano.a(libc_a-callocr.o)
                0x080032d0                _calloc_r
 .text.__ascii_mbtowc
                0x080032f8       0x24 C:/ST/STM32CubeIDE_2.1.1/STM32CubeIDE/plugins/com.st.stm32cube.ide.mcu.externaltools.gnu-tools-for-stm32.14.3.rel1.win32_1.0.100.202602081740/tools/bin/../lib/gcc/arm-none-eabi/14.3.1/../../../../arm-none-eabi/lib/thumb/v8-m.main+fp/hard\libc_nano.a(libc_a-mbtowc_r.o)
                0x080032f8                __ascii_mbtowc
 .text.__ascii_wctomb
                0x0800331c       0x1a C:/ST/STM32CubeIDE_2.1.1/STM32CubeIDE/plugins/com.st.stm32cube.ide.mcu.externaltools.gnu-tools-for-stm32.14.3.rel1.win32_1.0.100.202602081740/tools/bin/../lib/gcc/arm-none-eabi/14.3.1/../../../../arm-none-eabi/lib/thumb/v8-m.main+fp/hard\libc_nano.a(libc_a-wctomb_r.o)
                0x0800331c                __ascii_wctomb
 *fill*         0x08003336        0x2 
 .text.fprintf  0x08003338       0x24 C:/ST/STM32CubeIDE_2.1.1/STM32CubeIDE/plugins/com.st.stm32cube.ide.mcu.externaltools.gnu-tools-for-stm32.14.3.rel1.win32_1.0.100.202602081740/tools/bin/../lib/gcc/arm-none-eabi/14.3.1/../../../../arm-none-eabi/lib/thumb/v8-m.main+fp/hard\libc_nano.a(libc_a-fprintf.o)
                0x08003338                fiprintf
                0x08003338                fprintf
 .text.abort    0x0800335c        0xe C:/ST/STM32CubeIDE_2.1.1/STM32CubeIDE/plugins/com.st.stm32cube.ide.mcu.externaltools.gnu-tools-for-stm32.14.3.rel1.win32_1.0.100.202602081740/tools/bin/../lib/gcc/arm-none-eabi/14.3.1/../../../../arm-none-eabi/lib/thumb/v8-m.main+fp/hard\libc_nano.a(libc_a-abort.o)
                0x0800335c                abort
 .text.__sfputc_r
                0x0800336a       0x2e C:/ST/STM32CubeIDE_2.1.1/STM32CubeIDE/plugins/com.st.stm32cube.ide.mcu.externaltools.gnu-tools-for-stm32.14.3.rel1.win32_1.0.100.202602081740/tools/bin/../lib/gcc/arm-none-eabi/14.3.1/../../../../arm-none-eabi/lib/thumb/v8-m.main+fp/hard\libc_nano.a(libc_a-nano-vfprintf.o)
 .text.__sfputs_r
                0x08003398       0x24 C:/ST/STM32CubeIDE_2.1.1/STM32CubeIDE/plugins/com.st.stm32cube.ide.mcu.externaltools.gnu-tools-for-stm32.14.3.rel1.win32_1.0.100.202602081740/tools/bin/../lib/gcc/arm-none-eabi/14.3.1/../../../../arm-none-eabi/lib/thumb/v8-m.main+fp/hard\libc_nano.a(libc_a-nano-vfprintf.o)
                0x08003398                __sfputs_r
 .text._vfprintf_r
                0x080033bc      0x228 C:/ST/STM32CubeIDE_2.1.1/STM32CubeIDE/plugins/com.st.stm32cube.ide.mcu.externaltools.gnu-tools-for-stm32.14.3.rel1.win32_1.0.100.202602081740/tools/bin/../lib/gcc/arm-none-eabi/14.3.1/../../../../arm-none-eabi/lib/thumb/v8-m.main+fp/hard\libc_nano.a(libc_a-nano-vfprintf.o)
                0x080033bc                _vfprintf_r
                0x080033bc                _vfiprintf_r
 .text.__swbuf_r
                0x080035e4       0x7c C:/ST/STM32CubeIDE_2.1.1/STM32CubeIDE/plugins/com.st.stm32cube.ide.mcu.externaltools.gnu-tools-for-stm32.14.3.rel1.win32_1.0.100.202602081740/tools/bin/../lib/gcc/arm-none-eabi/14.3.1/../../../../arm-none-eabi/lib/thumb/v8-m.main+fp/hard\libc_nano.a(libc_a-wbuf.o)
                0x080035e4                __swbuf_r
 .text.__swsetup_r
                0x08003660       0xa8 C:/ST/STM32CubeIDE_2.1.1/STM32CubeIDE/plugins/com.st.stm32cube.ide.mcu.externaltools.gnu-tools-for-stm32.14.3.rel1.win32_1.0.100.202602081740/tools/bin/../lib/gcc/arm-none-eabi/14.3.1/../../../../arm-none-eabi/lib/thumb/v8-m.main+fp/hard\libc_nano.a(libc_a-wsetup.o)
                0x08003660                __swsetup_r
 .text._raise_r
                0x08003708       0x50 C:/ST/STM32CubeIDE_2.1.1/STM32CubeIDE/plugins/com.st.stm32cube.ide.mcu.externaltools.gnu-tools-for-stm32.14.3.rel1.win32_1.0.100.202602081740/tools/bin/../lib/gcc/arm-none-eabi/14.3.1/../../../../arm-none-eabi/lib/thumb/v8-m.main+fp/hard\libc_nano.a(libc_a-signal.o)
                0x08003708                _raise_r
 .text.raise    0x08003758       0x10 C:/ST/STM32CubeIDE_2.1.1/STM32CubeIDE/plugins/com.st.stm32cube.ide.mcu.externaltools.gnu-tools-for-stm32.14.3.rel1.win32_1.0.100.202602081740/tools/bin/../lib/gcc/arm-none-eabi/14.3.1/../../../../arm-none-eabi/lib/thumb/v8-m.main+fp/hard\libc_nano.a(libc_a-signal.o)
                0x08003758                raise
 .text._kill_r  0x08003768       0x24 C:/ST/STM32CubeIDE_2.1.1/STM32CubeIDE/plugins/com.st.stm32cube.ide.mcu.externaltools.gnu-tools-for-stm32.14.3.rel1.win32_1.0.100.202602081740/tools/bin/../lib/gcc/arm-none-eabi/14.3.1/../../../../arm-none-eabi/lib/thumb/v8-m.main+fp/hard\libc_nano.a(libc_a-signalr.o)
                0x08003768                _kill_r
 .text._getpid_r
                0x0800378c        0x4 C:/ST/STM32CubeIDE_2.1.1/STM32CubeIDE/plugins/com.st.stm32cube.ide.mcu.externaltools.gnu-tools-for-stm32.14.3.rel1.win32_1.0.100.202602081740/tools/bin/../lib/gcc/arm-none-eabi/14.3.1/../../../../arm-none-eabi/lib/thumb/v8-m.main+fp/hard\libc_nano.a(libc_a-signalr.o)
                0x0800378c                _getpid_r
 .text.__swhatbuf_r
                0x08003790       0x48 C:/ST/STM32CubeIDE_2.1.1/STM32CubeIDE/plugins/com.st.stm32cube.ide.mcu.externaltools.gnu-tools-for-stm32.14.3.rel1.win32_1.0.100.202602081740/tools/bin/../lib/gcc/arm-none-eabi/14.3.1/../../../../arm-none-eabi/lib/thumb/v8-m.main+fp/hard\libc_nano.a(libc_a-makebuf.o)
                0x08003790                __swhatbuf_r
 .text.__smakebuf_r
                0x080037d8       0x72 C:/ST/STM32CubeIDE_2.1.1/STM32CubeIDE/plugins/com.st.stm32cube.ide.mcu.externaltools.gnu-tools-for-stm32.14.3.rel1.win32_1.0.100.202602081740/tools/bin/../lib/gcc/arm-none-eabi/14.3.1/../../../../arm-none-eabi/lib/thumb/v8-m.main+fp/hard\libc_nano.a(libc_a-makebuf.o)
                0x080037d8                __smakebuf_r
 *fill*         0x0800384a        0x2 
 .text._fstat_r
                0x0800384c       0x24 C:/ST/STM32CubeIDE_2.1.1/STM32CubeIDE/plugins/com.st.stm32cube.ide.mcu.externaltools.gnu-tools-for-stm32.14.3.rel1.win32_1.0.100.202602081740/tools/bin/../lib/gcc/arm-none-eabi/14.3.1/../../../../arm-none-eabi/lib/thumb/v8-m.main+fp/hard\libc_nano.a(libc_a-fstatr.o)
                0x0800384c                _fstat_r
 .text._isatty_r
                0x08003870       0x20 C:/ST/STM32CubeIDE_2.1.1/STM32CubeIDE/plugins/com.st.stm32cube.ide.mcu.externaltools.gnu-tools-for-stm32.14.3.rel1.win32_1.0.100.202602081740/tools/bin/../lib/gcc/arm-none-eabi/14.3.1/../../../../arm-none-eabi/lib/thumb/v8-m.main+fp/hard\libc_nano.a(libc_a-isattyr.o)
                0x08003870                _isatty_r
 .text._write   0x08003890       0x30 CMakeFiles/STM32C542CC_IIS3DWB10IS_Project1.dir/main.c.obj
                0x08003890                _write
 .text.main     0x080038c0      0x2ac CMakeFiles/STM32C542CC_IIS3DWB10IS_Project1.dir/main.c.obj
                0x080038c0                main
 .text.platform_write
                0x08003b6c       0xb4 CMakeFiles/STM32C542CC_IIS3DWB10IS_Project1.dir/main.c.obj
 .text.platform_read
                0x08003c20       0xb4 CMakeFiles/STM32C542CC_IIS3DWB10IS_Project1.dir/main.c.obj
 .text.platform_delay
                0x08003cd4       0x16 CMakeFiles/STM32C542CC_IIS3DWB10IS_Project1.dir/main.c.obj
 .text.iis3dwb10is_read_reg
                0x08003cea       0x3a CMakeFiles/STM32C542CC_IIS3DWB10IS_Project1.dir/iis3dwb10is_reg.c.obj
                0x08003cea                iis3dwb10is_read_reg
 .text.iis3dwb10is_write_reg
                0x08003d24       0x3a CMakeFiles/STM32C542CC_IIS3DWB10IS_Project1.dir/iis3dwb10is_reg.c.obj
                0x08003d24                iis3dwb10is_write_reg
 *fill*         0x08003d5e        0x2 
 .text.iis3dwb10is_from_lsb_to_celsius
                0x08003d60       0x34 CMakeFiles/STM32C542CC_IIS3DWB10IS_Project1.dir/iis3dwb10is_reg.c.obj
                0x08003d60                iis3dwb10is_from_lsb_to_celsius
 .text.iis3dwb10is_from_fs50g_to_mg
                0x08003d94       0x2c CMakeFiles/STM32C542CC_IIS3DWB10IS_Project1.dir/iis3dwb10is_reg.c.obj
                0x08003d94                iis3dwb10is_from_fs50g_to_mg
 .text.iis3dwb10is_device_id_get
                0x08003dc0       0x20 CMakeFiles/STM32C542CC_IIS3DWB10IS_Project1.dir/iis3dwb10is_reg.c.obj
                0x08003dc0                iis3dwb10is_device_id_get
 .text.iis3dwb10is_sw_por
                0x08003de0       0x70 CMakeFiles/STM32C542CC_IIS3DWB10IS_Project1.dir/iis3dwb10is_reg.c.obj
                0x08003de0                iis3dwb10is_sw_por
 .text.iis3dwb10is_xl_data_rate_set
                0x08003e50       0x7e CMakeFiles/STM32C542CC_IIS3DWB10IS_Project1.dir/iis3dwb10is_reg.c.obj
                0x08003e50                iis3dwb10is_xl_data_rate_set
 .text.iis3dwb10is_xl_full_scale_set
                0x08003ece       0x4c CMakeFiles/STM32C542CC_IIS3DWB10IS_Project1.dir/iis3dwb10is_reg.c.obj
                0x08003ece                iis3dwb10is_xl_full_scale_set
 .text.iis3dwb10is_block_data_update_set
                0x08003f1a       0x4c CMakeFiles/STM32C542CC_IIS3DWB10IS_Project1.dir/iis3dwb10is_reg.c.obj
                0x08003f1a                iis3dwb10is_block_data_update_set
 .text.iis3dwb10is_xl_data_config_set
                0x08003f66       0x7a CMakeFiles/STM32C542CC_IIS3DWB10IS_Project1.dir/iis3dwb10is_reg.c.obj
                0x08003f66                iis3dwb10is_xl_data_config_set
 .text.iis3dwb10is_xl_data_config_get
                0x08003fe0       0x94 CMakeFiles/STM32C542CC_IIS3DWB10IS_Project1.dir/iis3dwb10is_reg.c.obj
                0x08003fe0                iis3dwb10is_xl_data_config_get
 .text.iis3dwb10is_pin_int1_route_set
                0x08004074       0xd0 CMakeFiles/STM32C542CC_IIS3DWB10IS_Project1.dir/iis3dwb10is_reg.c.obj
                0x08004074                iis3dwb10is_pin_int1_route_set
 .text.iis3dwb10is_pin_int1_route_get
                0x08004144       0xd0 CMakeFiles/STM32C542CC_IIS3DWB10IS_Project1.dir/iis3dwb10is_reg.c.obj
                0x08004144                iis3dwb10is_pin_int1_route_get
 .text.iis3dwb10is_data_ready_get
                0x08004214       0x90 CMakeFiles/STM32C542CC_IIS3DWB10IS_Project1.dir/iis3dwb10is_reg.c.obj
                0x08004214                iis3dwb10is_data_ready_get
 .text.iis3dwb10is_temperature_raw_get
                0x080042a4       0x44 CMakeFiles/STM32C542CC_IIS3DWB10IS_Project1.dir/iis3dwb10is_reg.c.obj
                0x080042a4                iis3dwb10is_temperature_raw_get
 .text.iis3dwb10is_acceleration_raw_get
                0x080042e8       0xc6 CMakeFiles/STM32C542CC_IIS3DWB10IS_Project1.dir/iis3dwb10is_reg.c.obj
                0x080042e8                iis3dwb10is_acceleration_raw_get
 *fill*         0x080043ae        0x2 
 .text.mx_cortex_mpu_init
                0x080043b0       0x5c CMakeFiles/STM32C542CC_IIS3DWB10IS_Project1.dir/generated/hal/mx_cortex_mpu.c.obj
                0x080043b0                mx_cortex_mpu_init
 .text.mx_cortex_nvic_init
                0x0800440c       0x12 CMakeFiles/STM32C542CC_IIS3DWB10IS_Project1.dir/generated/hal/mx_cortex_nvic.c.obj
                0x0800440c                mx_cortex_nvic_init
 *fill*         0x0800441e        0x2 
 .text.LL_AHB2_GRP1_EnableClock
                0x08004420       0x60 CMakeFiles/STM32C542CC_IIS3DWB10IS_Project1.dir/generated/hal/mx_gpio_default.c.obj
 .text.HAL_RCC_GPIOB_EnableClock
                0x08004480        0xe CMakeFiles/STM32C542CC_IIS3DWB10IS_Project1.dir/generated/hal/mx_gpio_default.c.obj
 *fill*         0x0800448e        0x2 
 .text.mx_gpio_default_init
                0x08004490       0x48 CMakeFiles/STM32C542CC_IIS3DWB10IS_Project1.dir/generated/hal/mx_gpio_default.c.obj
                0x08004490                mx_gpio_default_init
 .text.mx_icache_init
                0x080044d8       0x28 CMakeFiles/STM32C542CC_IIS3DWB10IS_Project1.dir/generated/hal/mx_icache.c.obj
                0x080044d8                mx_icache_init
 .text.mx_icache_gethandle
                0x08004500       0x14 CMakeFiles/STM32C542CC_IIS3DWB10IS_Project1.dir/generated/hal/mx_icache.c.obj
                0x08004500                mx_icache_gethandle
 .text.mx_rcc_init
                0x08004514       0xc0 CMakeFiles/STM32C542CC_IIS3DWB10IS_Project1.dir/generated/hal/mx_rcc.c.obj
                0x08004514                mx_rcc_init
 .text.mx_rcc_peripherals_clock_config
                0x080045d4       0x12 CMakeFiles/STM32C542CC_IIS3DWB10IS_Project1.dir/generated/hal/mx_rcc.c.obj
                0x080045d4                mx_rcc_peripherals_clock_config
 *fill*         0x080045e6        0x2 
 .text.LL_AHB2_GRP1_EnableClock
                0x080045e8       0x60 CMakeFiles/STM32C542CC_IIS3DWB10IS_Project1.dir/generated/hal/mx_spi1.c.obj
 .text.LL_APB2_GRP1_EnableClock
                0x08004648       0x60 CMakeFiles/STM32C542CC_IIS3DWB10IS_Project1.dir/generated/hal/mx_spi1.c.obj
 .text.HAL_RCC_GPIOA_EnableClock
                0x080046a8        0xe CMakeFiles/STM32C542CC_IIS3DWB10IS_Project1.dir/generated/hal/mx_spi1.c.obj
 .text.HAL_RCC_SPI1_EnableClock
                0x080046b6       0x10 CMakeFiles/STM32C542CC_IIS3DWB10IS_Project1.dir/generated/hal/mx_spi1.c.obj
 *fill*         0x080046c6        0x2 
 .text.mx_spi1_init
                0x080046c8       0xac CMakeFiles/STM32C542CC_IIS3DWB10IS_Project1.dir/generated/hal/mx_spi1.c.obj
                0x080046c8                mx_spi1_init
 .text.mx_spi1_gethandle
                0x08004774       0x14 CMakeFiles/STM32C542CC_IIS3DWB10IS_Project1.dir/generated/hal/mx_spi1.c.obj
                0x08004774                mx_spi1_gethandle
 .text.mx_system_init
                0x08004788       0xe8 CMakeFiles/STM32C542CC_IIS3DWB10IS_Project1.dir/generated/hal/mx_system.c.obj
                0x08004788                mx_system_init
 .text.SysTick_Handler
                0x08004870       0x10 CMakeFiles/STM32C542CC_IIS3DWB10IS_Project1.dir/generated/hal/mx_system.c.obj
                0x08004870                SysTick_Handler
 .text.pre_system_init_hook
                0x08004880       0x12 CMakeFiles/STM32C542CC_IIS3DWB10IS_Project1.dir/generated/hal/mx_system.c.obj
                0x08004880                pre_system_init_hook
 .text.post_system_init_hook
                0x08004892       0x12 CMakeFiles/STM32C542CC_IIS3DWB10IS_Project1.dir/generated/hal/mx_system.c.obj
                0x08004892                post_system_init_hook
 .text.LL_AHB2_GRP1_EnableClock
                0x080048a4       0x60 CMakeFiles/STM32C542CC_IIS3DWB10IS_Project1.dir/generated/hal/mx_usart1.c.obj
 .text.LL_APB2_GRP1_EnableClock
                0x08004904       0x60 CMakeFiles/STM32C542CC_IIS3DWB10IS_Project1.dir/generated/hal/mx_usart1.c.obj
 .text.HAL_RCC_GPIOA_EnableClock
                0x08004964        0xe CMakeFiles/STM32C542CC_IIS3DWB10IS_Project1.dir/generated/hal/mx_usart1.c.obj
 .text.HAL_RCC_USART1_EnableClock
                0x08004972       0x10 CMakeFiles/STM32C542CC_IIS3DWB10IS_Project1.dir/generated/hal/mx_usart1.c.obj
 *fill*         0x08004982        0x2 
 .text.mx_usart1_uart_init
                0x08004984       0xd0 CMakeFiles/STM32C542CC_IIS3DWB10IS_Project1.dir/generated/hal/mx_usart1.c.obj
                0x08004984                mx_usart1_uart_init
 .text.mx_usart1_uart_gethandle
                0x08004a54       0x14 CMakeFiles/STM32C542CC_IIS3DWB10IS_Project1.dir/generated/hal/mx_usart1.c.obj
                0x08004a54                mx_usart1_uart_gethandle
 .text.SCB_SetVTOR
                0x08004a68       0x20 CMakeFiles/STM32C542CC_IIS3DWB10IS_Project1.dir/user_modifiable/Device/STM32C542CCT6/system_stm32c5xx.c.obj
 .text.SCB_EnableFPU
                0x08004a88       0x24 CMakeFiles/STM32C542CC_IIS3DWB10IS_Project1.dir/user_modifiable/Device/STM32C542CCT6/system_stm32c5xx.c.obj
 .text.SystemInit
                0x08004aac       0x18 CMakeFiles/STM32C542CC_IIS3DWB10IS_Project1.dir/user_modifiable/Device/STM32C542CCT6/system_stm32c5xx.c.obj
                0x08004aac                SystemInit
 .text.Reset_Handler
                0x08004ac4       0xc4 CMakeFiles/STM32C542CC_IIS3DWB10IS_Project1.dir/user_modifiable/Device/STM32C542CCT6/startup_stm32c542xx.c.obj
                0x08004ac4                Reset_Handler
 .text.HardFault_Handler
                0x08004b88        0x8 CMakeFiles/STM32C542CC_IIS3DWB10IS_Project1.dir/user_modifiable/Device/STM32C542CCT6/startup_stm32c542xx.c.obj
                0x08004b88                HardFault_Handler
 .text.Default_IRQHandler
                0x08004b90        0x8 CMakeFiles/STM32C542CC_IIS3DWB10IS_Project1.dir/user_modifiable/Device/STM32C542CCT6/startup_stm32c542xx.c.obj
                0x08004b90                EXTI2_IRQHandler
                0x08004b90                TIM8_CC_IRQHandler
                0x08004b90                EXTI5_IRQHandler
                0x08004b90                DebugMon_Handler
                0x08004b90                TIM8_TRGI_COM_DIR_IDX_IRQHandler
                0x08004b90                EXTI13_IRQHandler
                0x08004b90                LPDMA2_CH1_IRQHandler
                0x08004b90                I2C1_ERR_IRQHandler
                0x08004b90                TIM1_CC_IRQHandler
                0x08004b90                TAMP_IRQHandler
                0x08004b90                TIM6_IRQHandler
                0x08004b90                EXTI12_IRQHandler
                0x08004b90                CORDIC_IRQHandler
                0x08004b90                PendSV_Handler
                0x08004b90                USB_DRD_FS_IRQHandler
                0x08004b90                NMI_Handler
                0x08004b90                EXTI3_IRQHandler
                0x08004b90                EXTI8_IRQHandler
                0x08004b90                PWR_PVD_IRQHandler
                0x08004b90                EXTI0_IRQHandler
                0x08004b90                FPU_IRQHandler
                0x08004b90                FDCAN1_IT1_IRQHandler
                0x08004b90                RAMCFG_IRQHandler
                0x08004b90                UsageFault_Handler
                0x08004b90                TIM1_UPD_IRQHandler
                0x08004b90                SPI1_IRQHandler
                0x08004b90                ADC1_IRQHandler
                0x08004b90                EXTI15_IRQHandler
                0x08004b90                RTC_IRQHandler
                0x08004b90                EXTI9_IRQHandler
                0x08004b90                UART5_IRQHandler
                0x08004b90                LPDMA2_CH3_IRQHandler
                0x08004b90                LPDMA1_CH1_IRQHandler
                0x08004b90                I2C1_EV_IRQHandler
                0x08004b90                UART4_IRQHandler
                0x08004b90                RCC_IRQHandler
                0x08004b90                COMP2_IRQHandler
                0x08004b90                LPDMA2_CH2_IRQHandler
                0x08004b90                TIM12_IRQHandler
                0x08004b90                TIM7_IRQHandler
                0x08004b90                I3C1_EV_IRQHandler
                0x08004b90                TIM15_IRQHandler
                0x08004b90                TIM8_BRK_TERR_IERR_IRQHandler
                0x08004b90                TIM8_UPD_IRQHandler
                0x08004b90                SPI2_IRQHandler
                0x08004b90                MemManage_Handler
                0x08004b90                LPDMA1_CH3_IRQHandler
                0x08004b90                EXTI14_IRQHandler
                0x08004b90                EXTI11_IRQHandler
                0x08004b90                SVC_Handler
                0x08004b90                CRS_IRQHandler
                0x08004b90                EXTI4_IRQHandler
                0x08004b90                TIM1_BRK_TERR_IERR_IRQHandler
                0x08004b90                RNG_IRQHandler
                0x08004b90                FDCAN2_IT1_IRQHandler
                0x08004b90                TIM1_TRGI_COM_DIR_IDX_IRQHandler
                0x08004b90                LPDMA2_CH0_IRQHandler
                0x08004b90                I3C1_ERR_IRQHandler
                0x08004b90                WWDG_IRQHandler
                0x08004b90                Default_IRQHandler
                0x08004b90                FDCAN2_IT0_IRQHandler
                0x08004b90                IWDG_IRQHandler
                0x08004b90                LPUART1_IRQHandler
                0x08004b90                FDCAN1_IT0_IRQHandler
                0x08004b90                TIM2_IRQHandler
                0x08004b90                LPDMA1_CH2_IRQHandler
                0x08004b90                EXTI7_IRQHandler
                0x08004b90                EXTI1_IRQHandler
                0x08004b90                AES_IRQHandler
                0x08004b90                DAC1_IRQHandler
                0x08004b90                USART2_IRQHandler
                0x08004b90                FLASH_IRQHandler
                0x08004b90                BusFault_Handler
                0x08004b90                USART1_IRQHandler
                0x08004b90                EXTI10_IRQHandler
                0x08004b90                LPDMA1_CH0_IRQHandler
                0x08004b90                EXTI6_IRQHandler
                0x08004b90                COMP1_IRQHandler
                0x08004b90                LPTIM1_IRQHandler
                0x08004b90                ICACHE_IRQHandler
                0x08004b90                HASH_IRQHandler
 .text.Default_IRQHandler_Hook
                0x08004b98        0x8 CMakeFiles/STM32C542CC_IIS3DWB10IS_Project1.dir/user_modifiable/Device/STM32C542CCT6/startup_stm32c542xx.c.obj
                0x08004b98                Default_IRQHandler_Hook
 .text.LL_RCC_GetAHBPrescaler
                0x08004ba0       0x1c CMakeFiles/STM32C542CC_IIS3DWB10IS_Project1.dir/stm32c5xx_drivers/hal/stm32c5xx_hal.c.obj
 .text.LL_FLASH_EnablePrefetch
                0x08004bbc       0x20 CMakeFiles/STM32C542CC_IIS3DWB10IS_Project1.dir/stm32c5xx_drivers/hal/stm32c5xx_hal.c.obj
 .text.HAL_Init
                0x08004bdc       0x44 CMakeFiles/STM32C542CC_IIS3DWB10IS_Project1.dir/stm32c5xx_drivers/hal/stm32c5xx_hal.c.obj
                0x08004bdc                HAL_Init
 .text.HAL_InitTick
                0x08004c20       0x68 CMakeFiles/STM32C542CC_IIS3DWB10IS_Project1.dir/stm32c5xx_drivers/hal/stm32c5xx_hal.c.obj
                0x08004c20                HAL_InitTick
 .text.HAL_UpdateCoreClock
                0x08004c88       0x30 CMakeFiles/STM32C542CC_IIS3DWB10IS_Project1.dir/stm32c5xx_drivers/hal/stm32c5xx_hal.c.obj
                0x08004c88                HAL_UpdateCoreClock
 .text.HAL_IncTick
                0x08004cb8       0x28 CMakeFiles/STM32C542CC_IIS3DWB10IS_Project1.dir/stm32c5xx_drivers/hal/stm32c5xx_hal.c.obj
                0x08004cb8                HAL_IncTick
 .text.HAL_GetTick
                0x08004ce0       0x18 CMakeFiles/STM32C542CC_IIS3DWB10IS_Project1.dir/stm32c5xx_drivers/hal/stm32c5xx_hal.c.obj
                0x08004ce0                HAL_GetTick
 .text.HAL_Delay
                0x08004cf8       0x4c CMakeFiles/STM32C542CC_IIS3DWB10IS_Project1.dir/stm32c5xx_drivers/hal/stm32c5xx_hal.c.obj
                0x08004cf8                HAL_Delay
 .text.__NVIC_SetPriorityGrouping
                0x08004d44       0x48 CMakeFiles/STM32C542CC_IIS3DWB10IS_Project1.dir/stm32c5xx_drivers/hal/stm32c5xx_hal_cortex.c.obj
 .text.__NVIC_GetPriorityGrouping
                0x08004d8c       0x1c CMakeFiles/STM32C542CC_IIS3DWB10IS_Project1.dir/stm32c5xx_drivers/hal/stm32c5xx_hal_cortex.c.obj
 .text.__NVIC_SetPriority
                0x08004da8       0x54 CMakeFiles/STM32C542CC_IIS3DWB10IS_Project1.dir/stm32c5xx_drivers/hal/stm32c5xx_hal_cortex.c.obj
 .text.NVIC_EncodePriority
                0x08004dfc       0x66 CMakeFiles/STM32C542CC_IIS3DWB10IS_Project1.dir/stm32c5xx_drivers/hal/stm32c5xx_hal_cortex.c.obj
 *fill*         0x08004e62        0x2 
 .text.ARM_MPU_Enable
                0x08004e64       0x44 CMakeFiles/STM32C542CC_IIS3DWB10IS_Project1.dir/stm32c5xx_drivers/hal/stm32c5xx_hal_cortex.c.obj
 .text.ARM_MPU_Disable
                0x08004ea8       0x40 CMakeFiles/STM32C542CC_IIS3DWB10IS_Project1.dir/stm32c5xx_drivers/hal/stm32c5xx_hal_cortex.c.obj
 .text.ARM_MPU_SetMemAttrEx
                0x08004ee8       0x6a CMakeFiles/STM32C542CC_IIS3DWB10IS_Project1.dir/stm32c5xx_drivers/hal/stm32c5xx_hal_cortex.c.obj
 *fill*         0x08004f52        0x2 
 .text.ARM_MPU_SetMemAttr
                0x08004f54       0x28 CMakeFiles/STM32C542CC_IIS3DWB10IS_Project1.dir/stm32c5xx_drivers/hal/stm32c5xx_hal_cortex.c.obj
 .text.ARM_MPU_SetRegionEx
                0x08004f7c       0x2c CMakeFiles/STM32C542CC_IIS3DWB10IS_Project1.dir/stm32c5xx_drivers/hal/stm32c5xx_hal_cortex.c.obj
 .text.ARM_MPU_SetRegion
                0x08004fa8       0x24 CMakeFiles/STM32C542CC_IIS3DWB10IS_Project1.dir/stm32c5xx_drivers/hal/stm32c5xx_hal_cortex.c.obj
 .text.SysTick_SetClkSource
                0x08004fcc       0x38 CMakeFiles/STM32C542CC_IIS3DWB10IS_Project1.dir/stm32c5xx_drivers/hal/stm32c5xx_hal_cortex.c.obj
 .text.SysTick_GetClkSource
                0x08005004       0x1c CMakeFiles/STM32C542CC_IIS3DWB10IS_Project1.dir/stm32c5xx_drivers/hal/stm32c5xx_hal_cortex.c.obj
 .text.SysTick_EnableIT
                0x08005020       0x20 CMakeFiles/STM32C542CC_IIS3DWB10IS_Project1.dir/stm32c5xx_drivers/hal/stm32c5xx_hal_cortex.c.obj
 .text.SysTick_Enable
                0x08005040       0x20 CMakeFiles/STM32C542CC_IIS3DWB10IS_Project1.dir/stm32c5xx_drivers/hal/stm32c5xx_hal_cortex.c.obj
 .text.SysTick_SetReload
                0x08005060       0x30 CMakeFiles/STM32C542CC_IIS3DWB10IS_Project1.dir/stm32c5xx_drivers/hal/stm32c5xx_hal_cortex.c.obj
 .text.SysTick_SetCounter
                0x08005090       0x20 CMakeFiles/STM32C542CC_IIS3DWB10IS_Project1.dir/stm32c5xx_drivers/hal/stm32c5xx_hal_cortex.c.obj
 .text.HAL_CORTEX_NVIC_SetPriorityGrouping
                0x080050b0       0x1a CMakeFiles/STM32C542CC_IIS3DWB10IS_Project1.dir/stm32c5xx_drivers/hal/stm32c5xx_hal_cortex.c.obj
                0x080050b0                HAL_CORTEX_NVIC_SetPriorityGrouping
 .text.HAL_CORTEX_NVIC_SetPriority
                0x080050ca       0x36 CMakeFiles/STM32C542CC_IIS3DWB10IS_Project1.dir/stm32c5xx_drivers/hal/stm32c5xx_hal_cortex.c.obj
                0x080050ca                HAL_CORTEX_NVIC_SetPriority
 .text.HAL_CORTEX_SYSTICK_SetFreq
                0x08005100       0x5a CMakeFiles/STM32C542CC_IIS3DWB10IS_Project1.dir/stm32c5xx_drivers/hal/stm32c5xx_hal_cortex.c.obj
                0x08005100                HAL_CORTEX_SYSTICK_SetFreq
 .text.HAL_CORTEX_SYSTICK_SetClkSource
                0x0800515a       0x1a CMakeFiles/STM32C542CC_IIS3DWB10IS_Project1.dir/stm32c5xx_drivers/hal/stm32c5xx_hal_cortex.c.obj
                0x0800515a                HAL_CORTEX_SYSTICK_SetClkSource
 .text.HAL_CORTEX_SYSTICK_IRQHandler
                0x08005174        0xc CMakeFiles/STM32C542CC_IIS3DWB10IS_Project1.dir/stm32c5xx_drivers/hal/stm32c5xx_hal_cortex.c.obj
                0x08005174                HAL_CORTEX_SYSTICK_IRQHandler
 .text.HAL_CORTEX_SYSTICK_Callback
                0x08005180        0xe CMakeFiles/STM32C542CC_IIS3DWB10IS_Project1.dir/stm32c5xx_drivers/hal/stm32c5xx_hal_cortex.c.obj
                0x08005180                HAL_CORTEX_SYSTICK_Callback
 .text.HAL_CORTEX_MPU_Enable
                0x0800518e       0x26 CMakeFiles/STM32C542CC_IIS3DWB10IS_Project1.dir/stm32c5xx_drivers/hal/stm32c5xx_hal_cortex.c.obj
                0x0800518e                HAL_CORTEX_MPU_Enable
 .text.HAL_CORTEX_MPU_Disable
                0x080051b4        0xc CMakeFiles/STM32C542CC_IIS3DWB10IS_Project1.dir/stm32c5xx_drivers/hal/stm32c5xx_hal_cortex.c.obj
                0x080051b4                HAL_CORTEX_MPU_Disable
 .text.HAL_CORTEX_MPU_SetCacheMemAttr
                0x080051c0       0x2a CMakeFiles/STM32C542CC_IIS3DWB10IS_Project1.dir/stm32c5xx_drivers/hal/stm32c5xx_hal_cortex.c.obj
                0x080051c0                HAL_CORTEX_MPU_SetCacheMemAttr
 .text.HAL_CORTEX_MPU_SetConfigRegion
                0x080051ea       0x48 CMakeFiles/STM32C542CC_IIS3DWB10IS_Project1.dir/stm32c5xx_drivers/hal/stm32c5xx_hal_cortex.c.obj
                0x080051ea                HAL_CORTEX_MPU_SetConfigRegion
 *fill*         0x08005232        0x2 
 .text.HAL_CORTEX_MPU_EnableRegion
                0x08005234       0x2c CMakeFiles/STM32C542CC_IIS3DWB10IS_Project1.dir/stm32c5xx_drivers/hal/stm32c5xx_hal_cortex.c.obj
                0x08005234                HAL_CORTEX_MPU_EnableRegion
 .text.LL_FLASH_SetLatency
                0x08005260       0x26 CMakeFiles/STM32C542CC_IIS3DWB10IS_Project1.dir/stm32c5xx_drivers/hal/stm32c5xx_hal_flash_itf.c.obj
 .text.LL_FLASH_SetProgrammingDelay
                0x08005286       0x26 CMakeFiles/STM32C542CC_IIS3DWB10IS_Project1.dir/stm32c5xx_drivers/hal/stm32c5xx_hal_flash_itf.c.obj
 .text.HAL_FLASH_ITF_SetLatency
                0x080052ac       0x24 CMakeFiles/STM32C542CC_IIS3DWB10IS_Project1.dir/stm32c5xx_drivers/hal/stm32c5xx_hal_flash_itf.c.obj
                0x080052ac                HAL_FLASH_ITF_SetLatency
 .text.HAL_FLASH_ITF_SetProgrammingDelay
                0x080052d0       0x24 CMakeFiles/STM32C542CC_IIS3DWB10IS_Project1.dir/stm32c5xx_drivers/hal/stm32c5xx_hal_flash_itf.c.obj
                0x080052d0                HAL_FLASH_ITF_SetProgrammingDelay
 .text.LL_GPIO_SetPinMode
                0x080052f4       0x9c CMakeFiles/STM32C542CC_IIS3DWB10IS_Project1.dir/stm32c5xx_drivers/hal/stm32c5xx_hal_gpio.c.obj
 .text.LL_GPIO_SetPinOutputType
                0x08005390       0x56 CMakeFiles/STM32C542CC_IIS3DWB10IS_Project1.dir/stm32c5xx_drivers/hal/stm32c5xx_hal_gpio.c.obj
 .text.LL_GPIO_SetPinSpeed
                0x080053e6       0xa0 CMakeFiles/STM32C542CC_IIS3DWB10IS_Project1.dir/stm32c5xx_drivers/hal/stm32c5xx_hal_gpio.c.obj
 .text.LL_GPIO_SetPinPull
                0x08005486       0xa0 CMakeFiles/STM32C542CC_IIS3DWB10IS_Project1.dir/stm32c5xx_drivers/hal/stm32c5xx_hal_gpio.c.obj
 .text.LL_GPIO_SetAFPin_0_7
                0x08005526       0xa0 CMakeFiles/STM32C542CC_IIS3DWB10IS_Project1.dir/stm32c5xx_drivers/hal/stm32c5xx_hal_gpio.c.obj
 .text.LL_GPIO_SetAFPin_8_15
                0x080055c6       0xa4 CMakeFiles/STM32C542CC_IIS3DWB10IS_Project1.dir/stm32c5xx_drivers/hal/stm32c5xx_hal_gpio.c.obj
 .text.LL_GPIO_WriteOutputPin
                0x0800566a       0x2a CMakeFiles/STM32C542CC_IIS3DWB10IS_Project1.dir/stm32c5xx_drivers/hal/stm32c5xx_hal_gpio.c.obj
 .text.HAL_GPIO_Init
                0x08005694      0x128 CMakeFiles/STM32C542CC_IIS3DWB10IS_Project1.dir/stm32c5xx_drivers/hal/stm32c5xx_hal_gpio.c.obj
                0x08005694                HAL_GPIO_Init
 .text.HAL_GPIO_WritePin
                0x080057bc       0x22 CMakeFiles/STM32C542CC_IIS3DWB10IS_Project1.dir/stm32c5xx_drivers/hal/stm32c5xx_hal_gpio.c.obj
                0x080057bc                HAL_GPIO_WritePin
 .text.LL_ICACHE_Enable
                0x080057de       0x20 CMakeFiles/STM32C542CC_IIS3DWB10IS_Project1.dir/stm32c5xx_drivers/hal/stm32c5xx_hal_icache.c.obj
 .text.LL_ICACHE_EnableIT
                0x080057fe       0x22 CMakeFiles/STM32C542CC_IIS3DWB10IS_Project1.dir/stm32c5xx_drivers/hal/stm32c5xx_hal_icache.c.obj
 .text.HAL_ICACHE_Init
                0x08005820       0x28 CMakeFiles/STM32C542CC_IIS3DWB10IS_Project1.dir/stm32c5xx_drivers/hal/stm32c5xx_hal_icache.c.obj
                0x08005820                HAL_ICACHE_Init
 .text.HAL_ICACHE_Start
                0x08005848       0x32 CMakeFiles/STM32C542CC_IIS3DWB10IS_Project1.dir/stm32c5xx_drivers/hal/stm32c5xx_hal_icache.c.obj
                0x08005848                HAL_ICACHE_Start
 *fill*         0x0800587a        0x2 
 .text.LL_RCC_LSI_IsReady
                0x0800587c       0x28 CMakeFiles/STM32C542CC_IIS3DWB10IS_Project1.dir/stm32c5xx_drivers/hal/stm32c5xx_hal_rcc.c.obj
 .text.LL_RCC_HSIS_Enable
                0x080058a4       0x20 CMakeFiles/STM32C542CC_IIS3DWB10IS_Project1.dir/stm32c5xx_drivers/hal/stm32c5xx_hal_rcc.c.obj
 .text.LL_RCC_HSIS_IsReady
                0x080058c4       0x24 CMakeFiles/STM32C542CC_IIS3DWB10IS_Project1.dir/stm32c5xx_drivers/hal/stm32c5xx_hal_rcc.c.obj
 .text.LL_RCC_HSIK_IsReady
                0x080058e8       0x24 CMakeFiles/STM32C542CC_IIS3DWB10IS_Project1.dir/stm32c5xx_drivers/hal/stm32c5xx_hal_rcc.c.obj
 .text.LL_RCC_HSIK_GetDivider
                0x0800590c       0x1c CMakeFiles/STM32C542CC_IIS3DWB10IS_Project1.dir/stm32c5xx_drivers/hal/stm32c5xx_hal_rcc.c.obj
 .text.LL_RCC_PSIS_Enable
                0x08005928       0x20 CMakeFiles/STM32C542CC_IIS3DWB10IS_Project1.dir/stm32c5xx_drivers/hal/stm32c5xx_hal_rcc.c.obj
 .text.LL_RCC_PSIS_IsReady
                0x08005948       0x28 CMakeFiles/STM32C542CC_IIS3DWB10IS_Project1.dir/stm32c5xx_drivers/hal/stm32c5xx_hal_rcc.c.obj
 .text.LL_RCC_PSIDIV3_IsReady
                0x08005970       0x28 CMakeFiles/STM32C542CC_IIS3DWB10IS_Project1.dir/stm32c5xx_drivers/hal/stm32c5xx_hal_rcc.c.obj
 .text.LL_RCC_PSIK_IsReady
                0x08005998       0x28 CMakeFiles/STM32C542CC_IIS3DWB10IS_Project1.dir/stm32c5xx_drivers/hal/stm32c5xx_hal_rcc.c.obj
 .text.LL_RCC_PSIK_GetDivider
                0x080059c0       0x1c CMakeFiles/STM32C542CC_IIS3DWB10IS_Project1.dir/stm32c5xx_drivers/hal/stm32c5xx_hal_rcc.c.obj
 .text.LL_RCC_ConfigPSI
                0x080059dc       0x38 CMakeFiles/STM32C542CC_IIS3DWB10IS_Project1.dir/stm32c5xx_drivers/hal/stm32c5xx_hal_rcc.c.obj
 .text.LL_RCC_GetConfigPSI
                0x08005a14       0x40 CMakeFiles/STM32C542CC_IIS3DWB10IS_Project1.dir/stm32c5xx_drivers/hal/stm32c5xx_hal_rcc.c.obj
 .text.LL_RCC_SetSysClkSource
                0x08005a54       0x28 CMakeFiles/STM32C542CC_IIS3DWB10IS_Project1.dir/stm32c5xx_drivers/hal/stm32c5xx_hal_rcc.c.obj
 .text.LL_RCC_GetSysClkSource
                0x08005a7c       0x1c CMakeFiles/STM32C542CC_IIS3DWB10IS_Project1.dir/stm32c5xx_drivers/hal/stm32c5xx_hal_rcc.c.obj
 .text.LL_RCC_GetAHBPrescaler
                0x08005a98       0x1c CMakeFiles/STM32C542CC_IIS3DWB10IS_Project1.dir/stm32c5xx_drivers/hal/stm32c5xx_hal_rcc.c.obj
 .text.LL_RCC_GetSystickClockSource
                0x08005ab4       0x1c CMakeFiles/STM32C542CC_IIS3DWB10IS_Project1.dir/stm32c5xx_drivers/hal/stm32c5xx_hal_rcc.c.obj
 .text.LL_RCC_GetAPB1Prescaler
                0x08005ad0       0x1c CMakeFiles/STM32C542CC_IIS3DWB10IS_Project1.dir/stm32c5xx_drivers/hal/stm32c5xx_hal_rcc.c.obj
 .text.LL_RCC_GetAPB2Prescaler
                0x08005aec       0x1c CMakeFiles/STM32C542CC_IIS3DWB10IS_Project1.dir/stm32c5xx_drivers/hal/stm32c5xx_hal_rcc.c.obj
 .text.LL_RCC_GetAPB3Prescaler
                0x08005b08       0x1c CMakeFiles/STM32C542CC_IIS3DWB10IS_Project1.dir/stm32c5xx_drivers/hal/stm32c5xx_hal_rcc.c.obj
 .text.LL_RCC_ConfigBusClock
                0x08005b24       0x2c CMakeFiles/STM32C542CC_IIS3DWB10IS_Project1.dir/stm32c5xx_drivers/hal/stm32c5xx_hal_rcc.c.obj
 .text.LL_RCC_SetClockSource
                0x08005b50       0x54 CMakeFiles/STM32C542CC_IIS3DWB10IS_Project1.dir/stm32c5xx_drivers/hal/stm32c5xx_hal_rcc.c.obj
 .text.LL_RCC_SetUSARTClockSource
                0x08005ba4       0x16 CMakeFiles/STM32C542CC_IIS3DWB10IS_Project1.dir/stm32c5xx_drivers/hal/stm32c5xx_hal_rcc.c.obj
 .text.LL_RCC_SetSPIClockSource
                0x08005bba       0x16 CMakeFiles/STM32C542CC_IIS3DWB10IS_Project1.dir/stm32c5xx_drivers/hal/stm32c5xx_hal_rcc.c.obj
 .text.LL_RCC_GetClockSource
                0x08005bd0       0x48 CMakeFiles/STM32C542CC_IIS3DWB10IS_Project1.dir/stm32c5xx_drivers/hal/stm32c5xx_hal_rcc.c.obj
 .text.LL_RCC_GetUSARTClockSource
                0x08005c18       0x18 CMakeFiles/STM32C542CC_IIS3DWB10IS_Project1.dir/stm32c5xx_drivers/hal/stm32c5xx_hal_rcc.c.obj
 .text.LL_RCC_GetUARTClockSource
                0x08005c30       0x18 CMakeFiles/STM32C542CC_IIS3DWB10IS_Project1.dir/stm32c5xx_drivers/hal/stm32c5xx_hal_rcc.c.obj
 .text.LL_RCC_GetLPUARTClockSource
                0x08005c48       0x24 CMakeFiles/STM32C542CC_IIS3DWB10IS_Project1.dir/stm32c5xx_drivers/hal/stm32c5xx_hal_rcc.c.obj
 .text.HAL_RCC_HSIS_Enable
                0x08005c6c       0x1c CMakeFiles/STM32C542CC_IIS3DWB10IS_Project1.dir/stm32c5xx_drivers/hal/stm32c5xx_hal_rcc.c.obj
                0x08005c6c                HAL_RCC_HSIS_Enable
 .text.HAL_RCC_PSIS_Enable
                0x08005c88       0x1c CMakeFiles/STM32C542CC_IIS3DWB10IS_Project1.dir/stm32c5xx_drivers/hal/stm32c5xx_hal_rcc.c.obj
                0x08005c88                HAL_RCC_PSIS_Enable
 .text.HAL_RCC_PSI_SetConfig
                0x08005ca4       0x50 CMakeFiles/STM32C542CC_IIS3DWB10IS_Project1.dir/stm32c5xx_drivers/hal/stm32c5xx_hal_rcc.c.obj
                0x08005ca4                HAL_RCC_PSI_SetConfig
 .text.HAL_RCC_PSI_GetConfig
                0x08005cf4       0x34 CMakeFiles/STM32C542CC_IIS3DWB10IS_Project1.dir/stm32c5xx_drivers/hal/stm32c5xx_hal_rcc.c.obj
                0x08005cf4                HAL_RCC_PSI_GetConfig
 .text.HAL_RCC_SetSYSCLKSource
                0x08005d28       0x52 CMakeFiles/STM32C542CC_IIS3DWB10IS_Project1.dir/stm32c5xx_drivers/hal/stm32c5xx_hal_rcc.c.obj
                0x08005d28                HAL_RCC_SetSYSCLKSource
 .text.HAL_RCC_GetSYSCLKSource
                0x08005d7a       0x12 CMakeFiles/STM32C542CC_IIS3DWB10IS_Project1.dir/stm32c5xx_drivers/hal/stm32c5xx_hal_rcc.c.obj
                0x08005d7a                HAL_RCC_GetSYSCLKSource
 .text.HAL_RCC_SetBusClockConfig
                0x08005d8c       0x38 CMakeFiles/STM32C542CC_IIS3DWB10IS_Project1.dir/stm32c5xx_drivers/hal/stm32c5xx_hal_rcc.c.obj
                0x08005d8c                HAL_RCC_SetBusClockConfig
 .text.HAL_RCC_GetPSIClockFreq
                0x08005dc4       0x9c CMakeFiles/STM32C542CC_IIS3DWB10IS_Project1.dir/stm32c5xx_drivers/hal/stm32c5xx_hal_rcc.c.obj
                0x08005dc4                HAL_RCC_GetPSIClockFreq
 .text.HAL_RCC_GetSYSCLKFreq
                0x08005e60       0x3c CMakeFiles/STM32C542CC_IIS3DWB10IS_Project1.dir/stm32c5xx_drivers/hal/stm32c5xx_hal_rcc.c.obj
                0x08005e60                HAL_RCC_GetSYSCLKFreq
 .text.HAL_RCC_GetHCLKFreq
                0x08005e9c       0x20 CMakeFiles/STM32C542CC_IIS3DWB10IS_Project1.dir/stm32c5xx_drivers/hal/stm32c5xx_hal_rcc.c.obj
                0x08005e9c                HAL_RCC_GetHCLKFreq
 .text.HAL_RCC_GetPCLK1Freq
                0x08005ebc       0x24 CMakeFiles/STM32C542CC_IIS3DWB10IS_Project1.dir/stm32c5xx_drivers/hal/stm32c5xx_hal_rcc.c.obj
                0x08005ebc                HAL_RCC_GetPCLK1Freq
 .text.HAL_RCC_GetPCLK2Freq
                0x08005ee0       0x24 CMakeFiles/STM32C542CC_IIS3DWB10IS_Project1.dir/stm32c5xx_drivers/hal/stm32c5xx_hal_rcc.c.obj
                0x08005ee0                HAL_RCC_GetPCLK2Freq
 .text.HAL_RCC_GetPCLK3Freq
                0x08005f04       0x24 CMakeFiles/STM32C542CC_IIS3DWB10IS_Project1.dir/stm32c5xx_drivers/hal/stm32c5xx_hal_rcc.c.obj
                0x08005f04                HAL_RCC_GetPCLK3Freq
 .text.HAL_RCC_USART1_SetKernelClkSource
                0x08005f28       0x1e CMakeFiles/STM32C542CC_IIS3DWB10IS_Project1.dir/stm32c5xx_drivers/hal/stm32c5xx_hal_rcc.c.obj
                0x08005f28                HAL_RCC_USART1_SetKernelClkSource
 .text.HAL_RCC_SPI1_SetKernelClkSource
                0x08005f46       0x1a CMakeFiles/STM32C542CC_IIS3DWB10IS_Project1.dir/stm32c5xx_drivers/hal/stm32c5xx_hal_rcc.c.obj
                0x08005f46                HAL_RCC_SPI1_SetKernelClkSource
 .text.HAL_RCC_UART_GetKernelClkFreq
                0x08005f60       0x88 CMakeFiles/STM32C542CC_IIS3DWB10IS_Project1.dir/stm32c5xx_drivers/hal/stm32c5xx_hal_rcc.c.obj
                0x08005f60                HAL_RCC_UART_GetKernelClkFreq
 .text.HAL_RCC_USART1_GetKernelClkFreq
                0x08005fe8       0xb0 CMakeFiles/STM32C542CC_IIS3DWB10IS_Project1.dir/stm32c5xx_drivers/hal/stm32c5xx_hal_rcc.c.obj
                0x08005fe8                HAL_RCC_USART1_GetKernelClkFreq
 .text.HAL_RCC_USART2_GetKernelClkFreq
                0x08006098       0xb4 CMakeFiles/STM32C542CC_IIS3DWB10IS_Project1.dir/stm32c5xx_drivers/hal/stm32c5xx_hal_rcc.c.obj
                0x08006098                HAL_RCC_USART2_GetKernelClkFreq
 .text.HAL_RCC_UART4_GetKernelClkFreq
                0x0800614c       0xb4 CMakeFiles/STM32C542CC_IIS3DWB10IS_Project1.dir/stm32c5xx_drivers/hal/stm32c5xx_hal_rcc.c.obj
                0x0800614c                HAL_RCC_UART4_GetKernelClkFreq
 .text.HAL_RCC_UART5_GetKernelClkFreq
                0x08006200       0xb4 CMakeFiles/STM32C542CC_IIS3DWB10IS_Project1.dir/stm32c5xx_drivers/hal/stm32c5xx_hal_rcc.c.obj
                0x08006200                HAL_RCC_UART5_GetKernelClkFreq
 .text.HAL_RCC_LPUART1_GetKernelClkFreq
                0x080062b4       0x88 CMakeFiles/STM32C542CC_IIS3DWB10IS_Project1.dir/stm32c5xx_drivers/hal/stm32c5xx_hal_rcc.c.obj
                0x080062b4                HAL_RCC_LPUART1_GetKernelClkFreq
 .text.HAL_RCC_GetSysTickExternalClkFreq
                0x0800633c       0x3e CMakeFiles/STM32C542CC_IIS3DWB10IS_Project1.dir/stm32c5xx_drivers/hal/stm32c5xx_hal_rcc.c.obj
                0x0800633c                HAL_RCC_GetSysTickExternalClkFreq
 .text.RCC_WaitForTimeout
                0x0800637a       0x54 CMakeFiles/STM32C542CC_IIS3DWB10IS_Project1.dir/stm32c5xx_drivers/hal/stm32c5xx_hal_rcc.c.obj
 .text.RCC_GetDividerValue
                0x080063ce      0x132 CMakeFiles/STM32C542CC_IIS3DWB10IS_Project1.dir/stm32c5xx_drivers/hal/stm32c5xx_hal_rcc.c.obj
 .text.LL_SPI_Enable
                0x08006500       0x20 CMakeFiles/STM32C542CC_IIS3DWB10IS_Project1.dir/stm32c5xx_drivers/hal/stm32c5xx_hal_spi.c.obj
 .text.LL_SPI_Disable
                0x08006520       0x20 CMakeFiles/STM32C542CC_IIS3DWB10IS_Project1.dir/stm32c5xx_drivers/hal/stm32c5xx_hal_spi.c.obj
 .text.LL_SPI_GetMode
                0x08006540       0x1c CMakeFiles/STM32C542CC_IIS3DWB10IS_Project1.dir/stm32c5xx_drivers/hal/stm32c5xx_hal_spi.c.obj
 .text.LL_SPI_SetTransferSize
                0x0800655c       0x26 CMakeFiles/STM32C542CC_IIS3DWB10IS_Project1.dir/stm32c5xx_drivers/hal/stm32c5xx_hal_spi.c.obj
 .text.LL_SPI_IsEnabledIOLock
                0x08006582       0x28 CMakeFiles/STM32C542CC_IIS3DWB10IS_Project1.dir/stm32c5xx_drivers/hal/stm32c5xx_hal_spi.c.obj
 .text.LL_SPI_StartMasterTransfer
                0x080065aa       0x20 CMakeFiles/STM32C542CC_IIS3DWB10IS_Project1.dir/stm32c5xx_drivers/hal/stm32c5xx_hal_spi.c.obj
 .text.LL_SPI_SetConfig
                0x080065ca       0x94 CMakeFiles/STM32C542CC_IIS3DWB10IS_Project1.dir/stm32c5xx_drivers/hal/stm32c5xx_hal_spi.c.obj
 .text.LL_SPI_SetTransferDirection
                0x0800665e       0x2a CMakeFiles/STM32C542CC_IIS3DWB10IS_Project1.dir/stm32c5xx_drivers/hal/stm32c5xx_hal_spi.c.obj
 .text.LL_SPI_GetDataWidth
                0x08006688       0x1c CMakeFiles/STM32C542CC_IIS3DWB10IS_Project1.dir/stm32c5xx_drivers/hal/stm32c5xx_hal_spi.c.obj
 .text.LL_SPI_IsActiveFlag
                0x080066a4       0x2a CMakeFiles/STM32C542CC_IIS3DWB10IS_Project1.dir/stm32c5xx_drivers/hal/stm32c5xx_hal_spi.c.obj
 .text.LL_SPI_IsActiveFlag_RXP
                0x080066ce       0x26 CMakeFiles/STM32C542CC_IIS3DWB10IS_Project1.dir/stm32c5xx_drivers/hal/stm32c5xx_hal_spi.c.obj
 .text.LL_SPI_IsActiveFlag_TXP
                0x080066f4       0x26 CMakeFiles/STM32C542CC_IIS3DWB10IS_Project1.dir/stm32c5xx_drivers/hal/stm32c5xx_hal_spi.c.obj
 .text.LL_SPI_IsActiveFlag_UDR
                0x0800671a       0x26 CMakeFiles/STM32C542CC_IIS3DWB10IS_Project1.dir/stm32c5xx_drivers/hal/stm32c5xx_hal_spi.c.obj
 .text.LL_SPI_IsActiveFlag_MODF
                0x08006740       0x28 CMakeFiles/STM32C542CC_IIS3DWB10IS_Project1.dir/stm32c5xx_drivers/hal/stm32c5xx_hal_spi.c.obj
 .text.LL_SPI_IsActiveFlag_OVR
                0x08006768       0x26 CMakeFiles/STM32C542CC_IIS3DWB10IS_Project1.dir/stm32c5xx_drivers/hal/stm32c5xx_hal_spi.c.obj
 .text.LL_SPI_IsActiveFlag_FRE
                0x0800678e       0x28 CMakeFiles/STM32C542CC_IIS3DWB10IS_Project1.dir/stm32c5xx_drivers/hal/stm32c5xx_hal_spi.c.obj
 .text.LL_SPI_GetRxFIFOPackingLevel
                0x080067b6       0x1c CMakeFiles/STM32C542CC_IIS3DWB10IS_Project1.dir/stm32c5xx_drivers/hal/stm32c5xx_hal_spi.c.obj
 .text.LL_SPI_ClearFlag
                0x080067d2       0x22 CMakeFiles/STM32C542CC_IIS3DWB10IS_Project1.dir/stm32c5xx_drivers/hal/stm32c5xx_hal_spi.c.obj
 .text.LL_SPI_ClearFlag_UDR
                0x080067f4       0x20 CMakeFiles/STM32C542CC_IIS3DWB10IS_Project1.dir/stm32c5xx_drivers/hal/stm32c5xx_hal_spi.c.obj
 .text.LL_SPI_ClearFlag_OVR
                0x08006814       0x20 CMakeFiles/STM32C542CC_IIS3DWB10IS_Project1.dir/stm32c5xx_drivers/hal/stm32c5xx_hal_spi.c.obj
 .text.LL_SPI_ClearFlag_MODF
                0x08006834       0x20 CMakeFiles/STM32C542CC_IIS3DWB10IS_Project1.dir/stm32c5xx_drivers/hal/stm32c5xx_hal_spi.c.obj
 .text.LL_SPI_ClearFlag_FRE
                0x08006854       0x20 CMakeFiles/STM32C542CC_IIS3DWB10IS_Project1.dir/stm32c5xx_drivers/hal/stm32c5xx_hal_spi.c.obj
 .text.LL_SPI_DisableIT
                0x08006874       0x4a CMakeFiles/STM32C542CC_IIS3DWB10IS_Project1.dir/stm32c5xx_drivers/hal/stm32c5xx_hal_spi.c.obj
 .text.LL_SPI_ReceiveData8
                0x080068be       0x1c CMakeFiles/STM32C542CC_IIS3DWB10IS_Project1.dir/stm32c5xx_drivers/hal/stm32c5xx_hal_spi.c.obj
 .text.LL_SPI_ReceiveData16
                0x080068da       0x20 CMakeFiles/STM32C542CC_IIS3DWB10IS_Project1.dir/stm32c5xx_drivers/hal/stm32c5xx_hal_spi.c.obj
 .text.LL_SPI_ReceiveData32
                0x080068fa       0x18 CMakeFiles/STM32C542CC_IIS3DWB10IS_Project1.dir/stm32c5xx_drivers/hal/stm32c5xx_hal_spi.c.obj
 .text.LL_SPI_TransmitData8
                0x08006912       0x20 CMakeFiles/STM32C542CC_IIS3DWB10IS_Project1.dir/stm32c5xx_drivers/hal/stm32c5xx_hal_spi.c.obj
 .text.LL_SPI_TransmitData16
                0x08006932       0x24 CMakeFiles/STM32C542CC_IIS3DWB10IS_Project1.dir/stm32c5xx_drivers/hal/stm32c5xx_hal_spi.c.obj
 .text.LL_SPI_TransmitData32
                0x08006956       0x1c CMakeFiles/STM32C542CC_IIS3DWB10IS_Project1.dir/stm32c5xx_drivers/hal/stm32c5xx_hal_spi.c.obj
 .text.HAL_SPI_Init
                0x08006972       0x4c CMakeFiles/STM32C542CC_IIS3DWB10IS_Project1.dir/stm32c5xx_drivers/hal/stm32c5xx_hal_spi.c.obj
                0x08006972                HAL_SPI_Init
 .text.HAL_SPI_SetConfig
                0x080069be       0x78 CMakeFiles/STM32C542CC_IIS3DWB10IS_Project1.dir/stm32c5xx_drivers/hal/stm32c5xx_hal_spi.c.obj
                0x080069be                HAL_SPI_SetConfig
 .text.HAL_SPI_TransmitReceive
                0x08006a36      0x3e2 CMakeFiles/STM32C542CC_IIS3DWB10IS_Project1.dir/stm32c5xx_drivers/hal/stm32c5xx_hal_spi.c.obj
                0x08006a36                HAL_SPI_TransmitReceive
 .text.SPI_CloseTransfer
                0x08006e18       0xf6 CMakeFiles/STM32C542CC_IIS3DWB10IS_Project1.dir/stm32c5xx_drivers/hal/stm32c5xx_hal_spi.c.obj
 .text.SPI_WaitEndOfTransfer
                0x08006f0e       0x6a CMakeFiles/STM32C542CC_IIS3DWB10IS_Project1.dir/stm32c5xx_drivers/hal/stm32c5xx_hal_spi.c.obj
 .text.LL_USART_Enable
                0x08006f78       0x20 CMakeFiles/STM32C542CC_IIS3DWB10IS_Project1.dir/stm32c5xx_drivers/hal/stm32c5xx_hal_uart.c.obj
 .text.LL_USART_Disable
                0x08006f98       0x20 CMakeFiles/STM32C542CC_IIS3DWB10IS_Project1.dir/stm32c5xx_drivers/hal/stm32c5xx_hal_uart.c.obj
 .text.LL_USART_IsEnabled
                0x08006fb8       0x26 CMakeFiles/STM32C542CC_IIS3DWB10IS_Project1.dir/stm32c5xx_drivers/hal/stm32c5xx_hal_uart.c.obj
 *fill*         0x08006fde        0x2 
 .text.LL_USART_ConfigXfer
                0x08006fe0       0x3c CMakeFiles/STM32C542CC_IIS3DWB10IS_Project1.dir/stm32c5xx_drivers/hal/stm32c5xx_hal_uart.c.obj
 .text.LL_USART_IsEnabledDirectionRx
                0x0800701c       0x26 CMakeFiles/STM32C542CC_IIS3DWB10IS_Project1.dir/stm32c5xx_drivers/hal/stm32c5xx_hal_uart.c.obj
 .text.LL_USART_IsEnabledDirectionTx
                0x08007042       0x26 CMakeFiles/STM32C542CC_IIS3DWB10IS_Project1.dir/stm32c5xx_drivers/hal/stm32c5xx_hal_uart.c.obj
 .text.LL_USART_SetTransferDirection
                0x08007068       0x48 CMakeFiles/STM32C542CC_IIS3DWB10IS_Project1.dir/stm32c5xx_drivers/hal/stm32c5xx_hal_uart.c.obj
 .text.LL_USART_SetPrescaler
                0x080070b0       0x28 CMakeFiles/STM32C542CC_IIS3DWB10IS_Project1.dir/stm32c5xx_drivers/hal/stm32c5xx_hal_uart.c.obj
 .text.LL_USART_SetHWFlowCtrl
                0x080070d8       0x26 CMakeFiles/STM32C542CC_IIS3DWB10IS_Project1.dir/stm32c5xx_drivers/hal/stm32c5xx_hal_uart.c.obj
 .text.LL_USART_EnableOneBitSample
                0x080070fe       0x20 CMakeFiles/STM32C542CC_IIS3DWB10IS_Project1.dir/stm32c5xx_drivers/hal/stm32c5xx_hal_uart.c.obj
 .text.LL_USART_DisableOneBitSample
                0x0800711e       0x20 CMakeFiles/STM32C542CC_IIS3DWB10IS_Project1.dir/stm32c5xx_drivers/hal/stm32c5xx_hal_uart.c.obj
 *fill*         0x0800713e        0x2 
 .text.LL_USART_SetBaudRate
                0x08007140       0x9c CMakeFiles/STM32C542CC_IIS3DWB10IS_Project1.dir/stm32c5xx_drivers/hal/stm32c5xx_hal_uart.c.obj
 .text.LL_USART_IsEnabledHalfDuplex
                0x080071dc       0x26 CMakeFiles/STM32C542CC_IIS3DWB10IS_Project1.dir/stm32c5xx_drivers/hal/stm32c5xx_hal_uart.c.obj
 .text.LL_USART_ConfigAsyncMode
                0x08007202       0x2c CMakeFiles/STM32C542CC_IIS3DWB10IS_Project1.dir/stm32c5xx_drivers/hal/stm32c5xx_hal_uart.c.obj
 .text.LL_USART_IsActiveFlag_RTO
                0x0800722e       0x28 CMakeFiles/STM32C542CC_IIS3DWB10IS_Project1.dir/stm32c5xx_drivers/hal/stm32c5xx_hal_uart.c.obj
 .text.LL_USART_IsActiveFlag_TEACK
                0x08007256       0x28 CMakeFiles/STM32C542CC_IIS3DWB10IS_Project1.dir/stm32c5xx_drivers/hal/stm32c5xx_hal_uart.c.obj
 .text.LL_USART_IsActiveFlag_REACK
                0x0800727e       0x28 CMakeFiles/STM32C542CC_IIS3DWB10IS_Project1.dir/stm32c5xx_drivers/hal/stm32c5xx_hal_uart.c.obj
 .text.LL_USART_ClearFlag_RTO
                0x080072a6       0x1c CMakeFiles/STM32C542CC_IIS3DWB10IS_Project1.dir/stm32c5xx_drivers/hal/stm32c5xx_hal_uart.c.obj
 .text.LL_USART_DisableIT_CR1
                0x080072c2       0x46 CMakeFiles/STM32C542CC_IIS3DWB10IS_Project1.dir/stm32c5xx_drivers/hal/stm32c5xx_hal_uart.c.obj
 .text.LL_USART_DisableIT_CR3
                0x08007308       0x4a CMakeFiles/STM32C542CC_IIS3DWB10IS_Project1.dir/stm32c5xx_drivers/hal/stm32c5xx_hal_uart.c.obj
 .text.LL_USART_TransmitData8
                0x08007352       0x1e CMakeFiles/STM32C542CC_IIS3DWB10IS_Project1.dir/stm32c5xx_drivers/hal/stm32c5xx_hal_uart.c.obj
 .text.LL_USART_TransmitData9
                0x08007370       0x22 CMakeFiles/STM32C542CC_IIS3DWB10IS_Project1.dir/stm32c5xx_drivers/hal/stm32c5xx_hal_uart.c.obj
 *fill*         0x08007392        0x2 
 .text.LL_LPUART_DIV
                0x08007394       0x8c CMakeFiles/STM32C542CC_IIS3DWB10IS_Project1.dir/stm32c5xx_drivers/hal/stm32c5xx_hal_uart.c.obj
 .text.LL_LPUART_ConfigXfer
                0x08007420       0x3c CMakeFiles/STM32C542CC_IIS3DWB10IS_Project1.dir/stm32c5xx_drivers/hal/stm32c5xx_hal_uart.c.obj
 .text.LL_LPUART_SetBaudRate
                0x0800745c       0x2c CMakeFiles/STM32C542CC_IIS3DWB10IS_Project1.dir/stm32c5xx_drivers/hal/stm32c5xx_hal_uart.c.obj
 .text.HAL_UART_Init
                0x08007488       0x52 CMakeFiles/STM32C542CC_IIS3DWB10IS_Project1.dir/stm32c5xx_drivers/hal/stm32c5xx_hal_uart.c.obj
                0x08007488                HAL_UART_Init
 *fill*         0x080074da        0x2 
 .text.HAL_UART_SetConfig
                0x080074dc      0x12c CMakeFiles/STM32C542CC_IIS3DWB10IS_Project1.dir/stm32c5xx_drivers/hal/stm32c5xx_hal_uart.c.obj
                0x080074dc                HAL_UART_SetConfig
 .text.HAL_UART_Transmit
                0x08007608      0x12c CMakeFiles/STM32C542CC_IIS3DWB10IS_Project1.dir/stm32c5xx_drivers/hal/stm32c5xx_hal_uart.c.obj
                0x08007608                HAL_UART_Transmit
 .text.UART_CheckEnabledState
                0x08007734       0xb0 CMakeFiles/STM32C542CC_IIS3DWB10IS_Project1.dir/stm32c5xx_drivers/hal/stm32c5xx_hal_uart.c.obj
 .text.UART_WaitOnFlagUntilTimeout
                0x080077e4       0xb6 CMakeFiles/STM32C542CC_IIS3DWB10IS_Project1.dir/stm32c5xx_drivers/hal/stm32c5xx_hal_uart.c.obj
 .text._getpid  0x0800789a       0x10 CMakeFiles/STM32C542CC_IIS3DWB10IS_Project1.dir/utilities/syscalls/syscalls.c.obj
                0x0800789a                _getpid
 .text._kill    0x080078aa       0x20 CMakeFiles/STM32C542CC_IIS3DWB10IS_Project1.dir/utilities/syscalls/syscalls.c.obj
                0x080078aa                _kill
 .text._exit    0x080078ca       0x16 CMakeFiles/STM32C542CC_IIS3DWB10IS_Project1.dir/utilities/syscalls/syscalls.c.obj
                0x080078ca                _exit
 .text._read    0x080078e0       0x3a CMakeFiles/STM32C542CC_IIS3DWB10IS_Project1.dir/utilities/syscalls/syscalls.c.obj
                0x080078e0                _read
 .text._close   0x0800791a       0x18 CMakeFiles/STM32C542CC_IIS3DWB10IS_Project1.dir/utilities/syscalls/syscalls.c.obj
                0x0800791a                _close
 .text._fstat   0x08007932       0x20 CMakeFiles/STM32C542CC_IIS3DWB10IS_Project1.dir/utilities/syscalls/syscalls.c.obj
                0x08007932                _fstat
 .text._isatty  0x08007952       0x16 CMakeFiles/STM32C542CC_IIS3DWB10IS_Project1.dir/utilities/syscalls/syscalls.c.obj
                0x08007952                _isatty
 .text._lseek   0x08007968       0x1a CMakeFiles/STM32C542CC_IIS3DWB10IS_Project1.dir/utilities/syscalls/syscalls.c.obj
                0x08007968                _lseek
 *fill*         0x08007982        0x2 
 .text._sbrk    0x08007984       0x6c CMakeFiles/STM32C542CC_IIS3DWB10IS_Project1.dir/utilities/syscalls/sysmem.c.obj
                0x08007984                _sbrk
 .text.printf   0x080079f0       0x24 C:/ST/STM32CubeIDE_2.1.1/STM32CubeIDE/plugins/com.st.stm32cube.ide.mcu.externaltools.gnu-tools-for-stm32.14.3.rel1.win32_1.0.100.202602081740/tools/bin/../lib/gcc/arm-none-eabi/14.3.1/../../../../arm-none-eabi/lib/thumb/v8-m.main+fp/hard\libc_nano.a(libc_a-printf.o)
                0x080079f0                iprintf
                0x080079f0                printf
 .text._puts_r  0x08007a14       0xaa C:/ST/STM32CubeIDE_2.1.1/STM32CubeIDE/plugins/com.st.stm32cube.ide.mcu.externaltools.gnu-tools-for-stm32.14.3.rel1.win32_1.0.100.202602081740/tools/bin/../lib/gcc/arm-none-eabi/14.3.1/../../../../arm-none-eabi/lib/thumb/v8-m.main+fp/hard\libc_nano.a(libc_a-puts.o)
                0x08007a14                _puts_r
 *fill*         0x08007abe        0x2 
 .text.puts     0x08007ac0       0x10 C:/ST/STM32CubeIDE_2.1.1/STM32CubeIDE/plugins/com.st.stm32cube.ide.mcu.externaltools.gnu-tools-for-stm32.14.3.rel1.win32_1.0.100.202602081740/tools/bin/../lib/gcc/arm-none-eabi/14.3.1/../../../../arm-none-eabi/lib/thumb/v8-m.main+fp/hard\libc_nano.a(libc_a-puts.o)
                0x08007ac0                puts
 .text.__errno  0x08007ad0        0xc C:/ST/STM32CubeIDE_2.1.1/STM32CubeIDE/plugins/com.st.stm32cube.ide.mcu.externaltools.gnu-tools-for-stm32.14.3.rel1.win32_1.0.100.202602081740/tools/bin/../lib/gcc/arm-none-eabi/14.3.1/../../../../arm-none-eabi/lib/thumb/v8-m.main+fp/hard\libc_nano.a(libc_a-errno.o)
                0x08007ad0                __errno
 *(.glue_7)
 .glue_7        0x08007adc        0x0 linker stubs
 *(.glue_7t)
 .glue_7t       0x08007adc        0x0 linker stubs
 *(.eh_frame)
 .eh_frame      0x08007adc        0x0 C:/ST/STM32CubeIDE_2.1.1/STM32CubeIDE/plugins/com.st.stm32cube.ide.mcu.externaltools.gnu-tools-for-stm32.14.3.rel1.win32_1.0.100.202602081740/tools/bin/../lib/gcc/arm-none-eabi/14.3.1/thumb/v8-m.main+fp/hard/crtbegin.o
 *(.init)
 .init          0x08007adc        0x4 C:/ST/STM32CubeIDE_2.1.1/STM32CubeIDE/plugins/com.st.stm32cube.ide.mcu.externaltools.gnu-tools-for-stm32.14.3.rel1.win32_1.0.100.202602081740/tools/bin/../lib/gcc/arm-none-eabi/14.3.1/thumb/v8-m.main+fp/hard/crti.o
                0x08007adc                _init
 .init          0x08007ae0        0x8 C:/ST/STM32CubeIDE_2.1.1/STM32CubeIDE/plugins/com.st.stm32cube.ide.mcu.externaltools.gnu-tools-for-stm32.14.3.rel1.win32_1.0.100.202602081740/tools/bin/../lib/gcc/arm-none-eabi/14.3.1/thumb/v8-m.main+fp/hard/crtn.o
 *(.fini)
 .fini          0x08007ae8        0x4 C:/ST/STM32CubeIDE_2.1.1/STM32CubeIDE/plugins/com.st.stm32cube.ide.mcu.externaltools.gnu-tools-for-stm32.14.3.rel1.win32_1.0.100.202602081740/tools/bin/../lib/gcc/arm-none-eabi/14.3.1/thumb/v8-m.main+fp/hard/crti.o
                0x08007ae8                _fini
 .fini          0x08007aec        0x8 C:/ST/STM32CubeIDE_2.1.1/STM32CubeIDE/plugins/com.st.stm32cube.ide.mcu.externaltools.gnu-tools-for-stm32.14.3.rel1.win32_1.0.100.202602081740/tools/bin/../lib/gcc/arm-none-eabi/14.3.1/thumb/v8-m.main+fp/hard/crtn.o
                0x08007af8                        . = ALIGN (0x8)
 *fill*         0x08007af4        0x4 
                0x08007af8                        _etext = .

.vfp11_veneer   0x08007af8        0x0
 .vfp11_veneer  0x08007af8        0x0 linker stubs

.v4_bx          0x08007af8        0x0
 .v4_bx         0x08007af8        0x0 linker stubs

.iplt           0x08007af8        0x0
 .iplt          0x08007af8        0x0 C:/ST/STM32CubeIDE_2.1.1/STM32CubeIDE/plugins/com.st.stm32cube.ide.mcu.externaltools.gnu-tools-for-stm32.14.3.rel1.win32_1.0.100.202602081740/tools/bin/../lib/gcc/arm-none-eabi/14.3.1/thumb/v8-m.main+fp/hard/crtbegin.o

.rodata         0x08007af8      0x480
                0x08007af8                        . = ALIGN (0x8)
 *(.rodata)
 .rodata        0x08007af8       0x93 CMakeFiles/STM32C542CC_IIS3DWB10IS_Project1.dir/main.c.obj
 *(.rodata*)
 .rodata._printf_float.str1.1
                0x08007b8b      0x171 C:/ST/STM32CubeIDE_2.1.1/STM32CubeIDE/plugins/com.st.stm32cube.ide.mcu.externaltools.gnu-tools-for-stm32.14.3.rel1.win32_1.0.100.202602081740/tools/bin/../lib/gcc/arm-none-eabi/14.3.1/../../../../arm-none-eabi/lib/thumb/v8-m.main+fp/hard\libc_nano.a(libc_a-nano-vfprintf_float.o)
                                 0x12 (size before relaxing)
 .rodata._printf_i.str1.1
                0x08007cfc       0x22 C:/ST/STM32CubeIDE_2.1.1/STM32CubeIDE/plugins/com.st.stm32cube.ide.mcu.externaltools.gnu-tools-for-stm32.14.3.rel1.win32_1.0.100.202602081740/tools/bin/../lib/gcc/arm-none-eabi/14.3.1/../../../../arm-none-eabi/lib/thumb/v8-m.main+fp/hard\libc_nano.a(libc_a-nano-vfprintf_i.o)
 .rodata._dtoa_r.str1.1
                0x08007cfc       0x8f C:/ST/STM32CubeIDE_2.1.1/STM32CubeIDE/plugins/com.st.stm32cube.ide.mcu.externaltools.gnu-tools-for-stm32.14.3.rel1.win32_1.0.100.202602081740/tools/bin/../lib/gcc/arm-none-eabi/14.3.1/../../../../arm-none-eabi/lib/thumb/v8-m.main+fp/hard\libc_nano.a(libc_a-dtoa.o)
 .rodata._Balloc.str1.1
                0x08007cfc       0x70 C:/ST/STM32CubeIDE_2.1.1/STM32CubeIDE/plugins/com.st.stm32cube.ide.mcu.externaltools.gnu-tools-for-stm32.14.3.rel1.win32_1.0.100.202602081740/tools/bin/../lib/gcc/arm-none-eabi/14.3.1/../../../../arm-none-eabi/lib/thumb/v8-m.main+fp/hard\libc_nano.a(libc_a-mprec.o)
 .rodata.__multadd.str1.1
                0x08007cfc       0x11 C:/ST/STM32CubeIDE_2.1.1/STM32CubeIDE/plugins/com.st.stm32cube.ide.mcu.externaltools.gnu-tools-for-stm32.14.3.rel1.win32_1.0.100.202602081740/tools/bin/../lib/gcc/arm-none-eabi/14.3.1/../../../../arm-none-eabi/lib/thumb/v8-m.main+fp/hard\libc_nano.a(libc_a-mprec.o)
 .rodata.p05.0  0x08007cfc        0xc C:/ST/STM32CubeIDE_2.1.1/STM32CubeIDE/plugins/com.st.stm32cube.ide.mcu.externaltools.gnu-tools-for-stm32.14.3.rel1.win32_1.0.100.202602081740/tools/bin/../lib/gcc/arm-none-eabi/14.3.1/../../../../arm-none-eabi/lib/thumb/v8-m.main+fp/hard\libc_nano.a(libc_a-mprec.o)
 .rodata.__mprec_bigtens
                0x08007d08       0x28 C:/ST/STM32CubeIDE_2.1.1/STM32CubeIDE/plugins/com.st.stm32cube.ide.mcu.externaltools.gnu-tools-for-stm32.14.3.rel1.win32_1.0.100.202602081740/tools/bin/../lib/gcc/arm-none-eabi/14.3.1/../../../../arm-none-eabi/lib/thumb/v8-m.main+fp/hard\libc_nano.a(libc_a-mprec.o)
                0x08007d08                __mprec_bigtens
 .rodata.__mprec_tens
                0x08007d30       0xc8 C:/ST/STM32CubeIDE_2.1.1/STM32CubeIDE/plugins/com.st.stm32cube.ide.mcu.externaltools.gnu-tools-for-stm32.14.3.rel1.win32_1.0.100.202602081740/tools/bin/../lib/gcc/arm-none-eabi/14.3.1/../../../../arm-none-eabi/lib/thumb/v8-m.main+fp/hard\libc_nano.a(libc_a-mprec.o)
                0x08007d30                __mprec_tens
 .rodata._setlocale_r.str1.1
                0x08007df8        0x9 C:/ST/STM32CubeIDE_2.1.1/STM32CubeIDE/plugins/com.st.stm32cube.ide.mcu.externaltools.gnu-tools-for-stm32.14.3.rel1.win32_1.0.100.202602081740/tools/bin/../lib/gcc/arm-none-eabi/14.3.1/../../../../arm-none-eabi/lib/thumb/v8-m.main+fp/hard\libc_nano.a(libc_a-locale.o)
 .rodata.str1.1
                0x08007df8        0x2 C:/ST/STM32CubeIDE_2.1.1/STM32CubeIDE/plugins/com.st.stm32cube.ide.mcu.externaltools.gnu-tools-for-stm32.14.3.rel1.win32_1.0.100.202602081740/tools/bin/../lib/gcc/arm-none-eabi/14.3.1/../../../../arm-none-eabi/lib/thumb/v8-m.main+fp/hard\libc_nano.a(libc_a-locale.o)
 .rodata.__assert_func.str1.1
                0x08007df8       0x3d C:/ST/STM32CubeIDE_2.1.1/STM32CubeIDE/plugins/com.st.stm32cube.ide.mcu.externaltools.gnu-tools-for-stm32.14.3.rel1.win32_1.0.100.202602081740/tools/bin/../lib/gcc/arm-none-eabi/14.3.1/../../../../arm-none-eabi/lib/thumb/v8-m.main+fp/hard\libc_nano.a(libc_a-assert.o)
 .rodata._ctype_
                0x08007df8      0x101 C:/ST/STM32CubeIDE_2.1.1/STM32CubeIDE/plugins/com.st.stm32cube.ide.mcu.externaltools.gnu-tools-for-stm32.14.3.rel1.win32_1.0.100.202602081740/tools/bin/../lib/gcc/arm-none-eabi/14.3.1/../../../../arm-none-eabi/lib/thumb/v8-m.main+fp/hard\libc_nano.a(libc_a-ctype_.o)
                0x08007df8                _ctype_
 .rodata._vfprintf_r.str1.1